<!doctype html public "-//w3c//dtd html 4.0 transitional//en">
<html><head>
<title>Static Call Graph - [.\usbhost Configuration\usbhost Configuration.axf]</title></head>
<body><HR>
<H1>Static Call Graph for image .\usbhost Configuration\usbhost Configuration.axf</H1><HR>
<BR><P>#&#060CALLGRAPH&#062# ARM Linker, 5060750: Last Updated: Wed Jul 15 08:05:24 2020
<BR><P>
<H3>Maximum Stack Usage =       1024 bytes + Unknown(Functions without stacksize, Cycles, Untraceable Function Pointers)</H3><H3>
Call chain for Maximum Stack Depth:</H3>
Task_MidiPlay &rArr; ReadMidiFile &rArr; ParseMIDI &rArr; f_open &rArr; dir_register &rArr; dir_find &rArr; dir_next &rArr; create_chain &rArr; put_fat &rArr; move_window &rArr; sync_window &rArr; disk_write
<P>
<H3>
Functions with no stack information
</H3><UL>
 <LI><a href="#[396]">OS_CPU_SR_Save</a>
 <LI><a href="#[397]">OS_CPU_SR_Restore</a>
 <LI><a href="#[3b8]">OSStartHighRdy</a>
 <LI><a href="#[3d0]">OSCtxSw</a>
 <LI><a href="#[3a9]">OSIntCtxSw</a>
 <LI><a href="#[1c]">OS_CPU_PendSVHandler</a>
</UL>
</UL>
<P>
<H3>
Mutually Recursive functions
</H3> <LI><a href="#[30]">ADC_IRQHandler</a>&nbsp;&nbsp;&nbsp;&rArr;&nbsp;&nbsp;&nbsp;<a href="#[30]">ADC_IRQHandler</a><BR>
 <LI><a href="#[18]">BusFault_Handler</a>&nbsp;&nbsp;&nbsp;&rArr;&nbsp;&nbsp;&nbsp;<a href="#[18]">BusFault_Handler</a><BR>
 <LI><a href="#[16]">HardFault_Handler</a>&nbsp;&nbsp;&nbsp;&rArr;&nbsp;&nbsp;&nbsp;<a href="#[16]">HardFault_Handler</a><BR>
 <LI><a href="#[17]">MemManage_Handler</a>&nbsp;&nbsp;&nbsp;&rArr;&nbsp;&nbsp;&nbsp;<a href="#[17]">MemManage_Handler</a><BR>
 <LI><a href="#[82]">Task_Scan</a>&nbsp;&nbsp;&nbsp;&rArr;&nbsp;&nbsp;&nbsp;<a href="#[82]">Task_Scan</a><BR>
 <LI><a href="#[19]">UsageFault_Handler</a>&nbsp;&nbsp;&nbsp;&rArr;&nbsp;&nbsp;&nbsp;<a href="#[19]">UsageFault_Handler</a><BR>
 <LI><a href="#[301]">Error_Handler</a>&nbsp;&nbsp;&nbsp;&rArr;&nbsp;&nbsp;&nbsp;<a href="#[301]">Error_Handler</a><BR>
</UL>
<P>
<H3>
Function Pointers
</H3><UL>
 <LI><a href="#[30]">ADC_IRQHandler</a> from startup_stm32f205xx.o(.text) referenced from startup_stm32f205xx.o(RESET)
 <LI><a href="#[18]">BusFault_Handler</a> from stm32f2xx_it.o(i.BusFault_Handler) referenced from startup_stm32f205xx.o(RESET)
 <LI><a href="#[32]">CAN1_RX0_IRQHandler</a> from can_stm32_hal.o(i.CAN1_RX0_IRQHandler) referenced from startup_stm32f205xx.o(RESET)
 <LI><a href="#[33]">CAN1_RX1_IRQHandler</a> from startup_stm32f205xx.o(.text) referenced from startup_stm32f205xx.o(RESET)
 <LI><a href="#[34]">CAN1_SCE_IRQHandler</a> from startup_stm32f205xx.o(.text) referenced from startup_stm32f205xx.o(RESET)
 <LI><a href="#[31]">CAN1_TX_IRQHandler</a> from startup_stm32f205xx.o(.text) referenced from startup_stm32f205xx.o(RESET)
 <LI><a href="#[5c]">CAN2_RX0_IRQHandler</a> from can_stm32_hal.o(i.CAN2_RX0_IRQHandler) referenced from startup_stm32f205xx.o(RESET)
 <LI><a href="#[5d]">CAN2_RX1_IRQHandler</a> from startup_stm32f205xx.o(.text) referenced from startup_stm32f205xx.o(RESET)
 <LI><a href="#[5e]">CAN2_SCE_IRQHandler</a> from startup_stm32f205xx.o(.text) referenced from startup_stm32f205xx.o(RESET)
 <LI><a href="#[5b]">CAN2_TX_IRQHandler</a> from startup_stm32f205xx.o(.text) referenced from startup_stm32f205xx.o(RESET)
 <LI><a href="#[8d]">ConsumerHeartbeatAlarm</a> from lifegrd.o(i.ConsumerHeartbeatAlarm) referenced from lifegrd.o(i.heartbeatInit)
 <LI><a href="#[8d]">ConsumerHeartbeatAlarm</a> from lifegrd.o(i.ConsumerHeartbeatAlarm) referenced from lifegrd.o(i.proceedNODE_GUARD)
 <LI><a href="#[29]">DMA1_Stream0_IRQHandler</a> from startup_stm32f205xx.o(.text) referenced from startup_stm32f205xx.o(RESET)
 <LI><a href="#[2a]">DMA1_Stream1_IRQHandler</a> from startup_stm32f205xx.o(.text) referenced from startup_stm32f205xx.o(RESET)
 <LI><a href="#[2b]">DMA1_Stream2_IRQHandler</a> from startup_stm32f205xx.o(.text) referenced from startup_stm32f205xx.o(RESET)
 <LI><a href="#[2c]">DMA1_Stream3_IRQHandler</a> from startup_stm32f205xx.o(.text) referenced from startup_stm32f205xx.o(RESET)
 <LI><a href="#[2d]">DMA1_Stream4_IRQHandler</a> from startup_stm32f205xx.o(.text) referenced from startup_stm32f205xx.o(RESET)
 <LI><a href="#[2e]">DMA1_Stream5_IRQHandler</a> from startup_stm32f205xx.o(.text) referenced from startup_stm32f205xx.o(RESET)
 <LI><a href="#[2f]">DMA1_Stream6_IRQHandler</a> from startup_stm32f205xx.o(.text) referenced from startup_stm32f205xx.o(RESET)
 <LI><a href="#[4d]">DMA1_Stream7_IRQHandler</a> from startup_stm32f205xx.o(.text) referenced from startup_stm32f205xx.o(RESET)
 <LI><a href="#[56]">DMA2_Stream0_IRQHandler</a> from startup_stm32f205xx.o(.text) referenced from startup_stm32f205xx.o(RESET)
 <LI><a href="#[57]">DMA2_Stream1_IRQHandler</a> from startup_stm32f205xx.o(.text) referenced from startup_stm32f205xx.o(RESET)
 <LI><a href="#[58]">DMA2_Stream2_IRQHandler</a> from startup_stm32f205xx.o(.text) referenced from startup_stm32f205xx.o(RESET)
 <LI><a href="#[59]">DMA2_Stream3_IRQHandler</a> from startup_stm32f205xx.o(.text) referenced from startup_stm32f205xx.o(RESET)
 <LI><a href="#[5a]">DMA2_Stream4_IRQHandler</a> from startup_stm32f205xx.o(.text) referenced from startup_stm32f205xx.o(RESET)
 <LI><a href="#[60]">DMA2_Stream5_IRQHandler</a> from startup_stm32f205xx.o(.text) referenced from startup_stm32f205xx.o(RESET)
 <LI><a href="#[61]">DMA2_Stream6_IRQHandler</a> from startup_stm32f205xx.o(.text) referenced from startup_stm32f205xx.o(RESET)
 <LI><a href="#[62]">DMA2_Stream7_IRQHandler</a> from startup_stm32f205xx.o(.text) referenced from startup_stm32f205xx.o(RESET)
 <LI><a href="#[1b]">DebugMon_Handler</a> from stm32f2xx_it.o(i.DebugMon_Handler) referenced from startup_stm32f205xx.o(RESET)
 <LI><a href="#[ab]">DispIcoMenuDown</a> from menutop.o(i.DispIcoMenuDown) referenced from menufsm.o(.constdata)
 <LI><a href="#[a9]">DispIcoMenuInit</a> from menutop.o(i.DispIcoMenuInit) referenced from menufsm.o(.constdata)
 <LI><a href="#[ac]">DispIcoMenuLeft</a> from menutop.o(i.DispIcoMenuLeft) referenced from menufsm.o(.constdata)
 <LI><a href="#[ad]">DispIcoMenuRight</a> from menutop.o(i.DispIcoMenuRight) referenced from menufsm.o(.constdata)
 <LI><a href="#[aa]">DispIcoMenuUp</a> from menutop.o(i.DispIcoMenuUp) referenced from menufsm.o(.constdata)
 <LI><a href="#[17c]">DispMenuAboutDown</a> from setdevice.o(i.DispMenuAboutDown) referenced from menufsm.o(.constdata)
 <LI><a href="#[180]">DispMenuAboutEscDown</a> from setdevice.o(i.DispMenuAboutEscDown) referenced from menufsm.o(.constdata)
 <LI><a href="#[181]">DispMenuAboutEscOk</a> from setdevice.o(i.DispMenuAboutEscOk) referenced from menufsm.o(.constdata)
 <LI><a href="#[17f]">DispMenuAboutEscUp</a> from setdevice.o(i.DispMenuAboutEscUp) referenced from menufsm.o(.constdata)
 <LI><a href="#[17a]">DispMenuAboutInit</a> from setdevice.o(i.DispMenuAboutInit) referenced from menufsm.o(.constdata)
 <LI><a href="#[17d]">DispMenuAboutLeft</a> from setdevice.o(i.DispMenuAboutLeft) referenced from menufsm.o(.constdata)
 <LI><a href="#[17e]">DispMenuAboutRight</a> from setdevice.o(i.DispMenuAboutRight) referenced from menufsm.o(.constdata)
 <LI><a href="#[17b]">DispMenuAboutUp</a> from setdevice.o(i.DispMenuAboutUp) referenced from menufsm.o(.constdata)
 <LI><a href="#[14c]">DispMenuBabyModeSetDown</a> from setdevice.o(i.DispMenuBabyModeSetDown) referenced from menufsm.o(.constdata)
 <LI><a href="#[150]">DispMenuBabyModeSetEscDown</a> from setdevice.o(i.DispMenuBabyModeSetEscDown) referenced from menufsm.o(.constdata)
 <LI><a href="#[151]">DispMenuBabyModeSetEscOk</a> from setdevice.o(i.DispMenuBabyModeSetEscOk) referenced from menufsm.o(.constdata)
 <LI><a href="#[14f]">DispMenuBabyModeSetEscUp</a> from setdevice.o(i.DispMenuBabyModeSetEscUp) referenced from menufsm.o(.constdata)
 <LI><a href="#[14a]">DispMenuBabyModeSetInit</a> from setdevice.o(i.DispMenuBabyModeSetInit) referenced from menufsm.o(.constdata)
 <LI><a href="#[14d]">DispMenuBabyModeSetLeft</a> from setdevice.o(i.DispMenuBabyModeSetLeft) referenced from menufsm.o(.constdata)
 <LI><a href="#[14e]">DispMenuBabyModeSetRight</a> from setdevice.o(i.DispMenuBabyModeSetRight) referenced from menufsm.o(.constdata)
 <LI><a href="#[14b]">DispMenuBabyModeSetUp</a> from setdevice.o(i.DispMenuBabyModeSetUp) referenced from menufsm.o(.constdata)
 <LI><a href="#[184]">DispMenuCAN1DevicesTotalDown</a> from setdevice.o(i.DispMenuCAN1DevicesTotalDown) referenced from menufsm.o(.constdata)
 <LI><a href="#[188]">DispMenuCAN1DevicesTotalEscDown</a> from setdevice.o(i.DispMenuCAN1DevicesTotalEscDown) referenced from menufsm.o(.constdata)
 <LI><a href="#[189]">DispMenuCAN1DevicesTotalEscOk</a> from setdevice.o(i.DispMenuCAN1DevicesTotalEscOk) referenced from menufsm.o(.constdata)
 <LI><a href="#[187]">DispMenuCAN1DevicesTotalEscUp</a> from setdevice.o(i.DispMenuCAN1DevicesTotalEscUp) referenced from menufsm.o(.constdata)
 <LI><a href="#[182]">DispMenuCAN1DevicesTotalInit</a> from setdevice.o(i.DispMenuCAN1DevicesTotalInit) referenced from menufsm.o(.constdata)
 <LI><a href="#[185]">DispMenuCAN1DevicesTotalLeft</a> from setdevice.o(i.DispMenuCAN1DevicesTotalLeft) referenced from menufsm.o(.constdata)
 <LI><a href="#[186]">DispMenuCAN1DevicesTotalRight</a> from setdevice.o(i.DispMenuCAN1DevicesTotalRight) referenced from menufsm.o(.constdata)
 <LI><a href="#[183]">DispMenuCAN1DevicesTotalUp</a> from setdevice.o(i.DispMenuCAN1DevicesTotalUp) referenced from menufsm.o(.constdata)
 <LI><a href="#[18c]">DispMenuCAN2DevicesTotalDown</a> from setdevice.o(i.DispMenuCAN2DevicesTotalDown) referenced from menufsm.o(.constdata)
 <LI><a href="#[190]">DispMenuCAN2DevicesTotalEscDown</a> from setdevice.o(i.DispMenuCAN2DevicesTotalEscDown) referenced from menufsm.o(.constdata)
 <LI><a href="#[191]">DispMenuCAN2DevicesTotalEscOk</a> from setdevice.o(i.DispMenuCAN2DevicesTotalEscOk) referenced from menufsm.o(.constdata)
 <LI><a href="#[18f]">DispMenuCAN2DevicesTotalEscUp</a> from setdevice.o(i.DispMenuCAN2DevicesTotalEscUp) referenced from menufsm.o(.constdata)
 <LI><a href="#[18a]">DispMenuCAN2DevicesTotalInit</a> from setdevice.o(i.DispMenuCAN2DevicesTotalInit) referenced from menufsm.o(.constdata)
 <LI><a href="#[18d]">DispMenuCAN2DevicesTotalLeft</a> from setdevice.o(i.DispMenuCAN2DevicesTotalLeft) referenced from menufsm.o(.constdata)
 <LI><a href="#[18e]">DispMenuCAN2DevicesTotalRight</a> from setdevice.o(i.DispMenuCAN2DevicesTotalRight) referenced from menufsm.o(.constdata)
 <LI><a href="#[18b]">DispMenuCAN2DevicesTotalUp</a> from setdevice.o(i.DispMenuCAN2DevicesTotalUp) referenced from menufsm.o(.constdata)
 <LI><a href="#[1d4]">DispMenuChinesePinyinSetDown</a> from setdevice.o(i.DispMenuChinesePinyinSetDown) referenced from menufsm.o(.constdata)
 <LI><a href="#[1d8]">DispMenuChinesePinyinSetEscDown</a> from setdevice.o(i.DispMenuChinesePinyinSetEscDown) referenced from menufsm.o(.constdata)
 <LI><a href="#[1d9]">DispMenuChinesePinyinSetEscOk</a> from setdevice.o(i.DispMenuChinesePinyinSetEscOk) referenced from menufsm.o(.constdata)
 <LI><a href="#[1d7]">DispMenuChinesePinyinSetEscUp</a> from setdevice.o(i.DispMenuChinesePinyinSetEscUp) referenced from menufsm.o(.constdata)
 <LI><a href="#[1d2]">DispMenuChinesePinyinSetInit</a> from setdevice.o(i.DispMenuChinesePinyinSetInit) referenced from menufsm.o(.constdata)
 <LI><a href="#[1d5]">DispMenuChinesePinyinSetLeft</a> from setdevice.o(i.DispMenuChinesePinyinSetLeft) referenced from menufsm.o(.constdata)
 <LI><a href="#[1d6]">DispMenuChinesePinyinSetRight</a> from setdevice.o(i.DispMenuChinesePinyinSetRight) referenced from menufsm.o(.constdata)
 <LI><a href="#[1d3]">DispMenuChinesePinyinSetUp</a> from setdevice.o(i.DispMenuChinesePinyinSetUp) referenced from menufsm.o(.constdata)
 <LI><a href="#[1ec]">DispMenuChipTypeSetDown</a> from setdevice.o(i.DispMenuChipTypeSetDown) referenced from menufsm.o(.constdata)
 <LI><a href="#[1f0]">DispMenuChipTypeSetEscDown</a> from setdevice.o(i.DispMenuChipTypeSetEscDown) referenced from menufsm.o(.constdata)
 <LI><a href="#[1f1]">DispMenuChipTypeSetEscOk</a> from setdevice.o(i.DispMenuChipTypeSetEscOk) referenced from menufsm.o(.constdata)
 <LI><a href="#[1ef]">DispMenuChipTypeSetEscUp</a> from setdevice.o(i.DispMenuChipTypeSetEscUp) referenced from menufsm.o(.constdata)
 <LI><a href="#[1ea]">DispMenuChipTypeSetInit</a> from setdevice.o(i.DispMenuChipTypeSetInit) referenced from menufsm.o(.constdata)
 <LI><a href="#[1ed]">DispMenuChipTypeSetLeft</a> from setdevice.o(i.DispMenuChipTypeSetLeft) referenced from menufsm.o(.constdata)
 <LI><a href="#[1ee]">DispMenuChipTypeSetRight</a> from setdevice.o(i.DispMenuChipTypeSetRight) referenced from menufsm.o(.constdata)
 <LI><a href="#[1eb]">DispMenuChipTypeSetUp</a> from setdevice.o(i.DispMenuChipTypeSetUp) referenced from menufsm.o(.constdata)
 <LI><a href="#[19c]">DispMenuCleanRankingDataDown</a> from setdevice.o(i.DispMenuCleanRankingDataDown) referenced from menufsm.o(.constdata)
 <LI><a href="#[1a0]">DispMenuCleanRankingDataEscDown</a> from setdevice.o(i.DispMenuCleanRankingDataEscDown) referenced from menufsm.o(.constdata)
 <LI><a href="#[1a1]">DispMenuCleanRankingDataEscOk</a> from setdevice.o(i.DispMenuCleanRankingDataEscOk) referenced from menufsm.o(.constdata)
 <LI><a href="#[19f]">DispMenuCleanRankingDataEscUp</a> from setdevice.o(i.DispMenuCleanRankingDataEscUp) referenced from menufsm.o(.constdata)
 <LI><a href="#[19a]">DispMenuCleanRankingDataInit</a> from setdevice.o(i.DispMenuCleanRankingDataInit) referenced from menufsm.o(.constdata)
 <LI><a href="#[19d]">DispMenuCleanRankingDataLeft</a> from setdevice.o(i.DispMenuCleanRankingDataLeft) referenced from menufsm.o(.constdata)
 <LI><a href="#[19e]">DispMenuCleanRankingDataRight</a> from setdevice.o(i.DispMenuCleanRankingDataRight) referenced from menufsm.o(.constdata)
 <LI><a href="#[19b]">DispMenuCleanRankingDataUp</a> from setdevice.o(i.DispMenuCleanRankingDataUp) referenced from menufsm.o(.constdata)
 <LI><a href="#[164]">DispMenuClockSetDown</a> from setdevice.o(i.DispMenuClockSetDown) referenced from menufsm.o(.constdata)
 <LI><a href="#[168]">DispMenuClockSetEscDown</a> from setdevice.o(i.DispMenuClockSetEscDown) referenced from menufsm.o(.constdata)
 <LI><a href="#[169]">DispMenuClockSetEscOk</a> from setdevice.o(i.DispMenuClockSetEscOk) referenced from menufsm.o(.constdata)
 <LI><a href="#[167]">DispMenuClockSetEscUp</a> from setdevice.o(i.DispMenuClockSetEscUp) referenced from menufsm.o(.constdata)
 <LI><a href="#[162]">DispMenuClockSetInit</a> from setdevice.o(i.DispMenuClockSetInit) referenced from menufsm.o(.constdata)
 <LI><a href="#[165]">DispMenuClockSetLeft</a> from setdevice.o(i.DispMenuClockSetLeft) referenced from menufsm.o(.constdata)
 <LI><a href="#[166]">DispMenuClockSetRight</a> from setdevice.o(i.DispMenuClockSetRight) referenced from menufsm.o(.constdata)
 <LI><a href="#[163]">DispMenuClockSetUp</a> from setdevice.o(i.DispMenuClockSetUp) referenced from menufsm.o(.constdata)
 <LI><a href="#[224]">DispMenuColorOrderSetDown</a> from setdevice.o(i.DispMenuColorOrderSetDown) referenced from menufsm.o(.constdata)
 <LI><a href="#[228]">DispMenuColorOrderSetEscDown</a> from setdevice.o(i.DispMenuColorOrderSetEscDown) referenced from menufsm.o(.constdata)
 <LI><a href="#[229]">DispMenuColorOrderSetEscOk</a> from setdevice.o(i.DispMenuColorOrderSetEscOk) referenced from menufsm.o(.constdata)
 <LI><a href="#[227]">DispMenuColorOrderSetEscUp</a> from setdevice.o(i.DispMenuColorOrderSetEscUp) referenced from menufsm.o(.constdata)
 <LI><a href="#[222]">DispMenuColorOrderSetInit</a> from setdevice.o(i.DispMenuColorOrderSetInit) referenced from menufsm.o(.constdata)
 <LI><a href="#[225]">DispMenuColorOrderSetLeft</a> from setdevice.o(i.DispMenuColorOrderSetLeft) referenced from menufsm.o(.constdata)
 <LI><a href="#[226]">DispMenuColorOrderSetRight</a> from setdevice.o(i.DispMenuColorOrderSetRight) referenced from menufsm.o(.constdata)
 <LI><a href="#[223]">DispMenuColorOrderSetUp</a> from setdevice.o(i.DispMenuColorOrderSetUp) referenced from menufsm.o(.constdata)
 <LI><a href="#[264]">DispMenuConfig_M_DevDown</a> from setdevice.o(i.DispMenuConfig_M_DevDown) referenced from menufsm.o(.constdata)
 <LI><a href="#[268]">DispMenuConfig_M_DevEscDown</a> from setdevice.o(i.DispMenuConfig_M_DevEscDown) referenced from menufsm.o(.constdata)
 <LI><a href="#[269]">DispMenuConfig_M_DevEscOk</a> from setdevice.o(i.DispMenuConfig_M_DevEscOk) referenced from menufsm.o(.constdata)
 <LI><a href="#[267]">DispMenuConfig_M_DevEscUp</a> from setdevice.o(i.DispMenuConfig_M_DevEscUp) referenced from menufsm.o(.constdata)
 <LI><a href="#[26c]">DispMenuConfig_M_DevFailDown</a> from setdevice.o(i.DispMenuConfig_M_DevFailDown) referenced from menufsm.o(.constdata)
 <LI><a href="#[270]">DispMenuConfig_M_DevFailEscDown</a> from setdevice.o(i.DispMenuConfig_M_DevFailEscDown) referenced from menufsm.o(.constdata)
 <LI><a href="#[271]">DispMenuConfig_M_DevFailEscOk</a> from setdevice.o(i.DispMenuConfig_M_DevFailEscOk) referenced from menufsm.o(.constdata)
 <LI><a href="#[26f]">DispMenuConfig_M_DevFailEscUp</a> from setdevice.o(i.DispMenuConfig_M_DevFailEscUp) referenced from menufsm.o(.constdata)
 <LI><a href="#[26a]">DispMenuConfig_M_DevFailInit</a> from setdevice.o(i.DispMenuConfig_M_DevFailInit) referenced from menufsm.o(.constdata)
 <LI><a href="#[26d]">DispMenuConfig_M_DevFailLeft</a> from setdevice.o(i.DispMenuConfig_M_DevFailLeft) referenced from menufsm.o(.constdata)
 <LI><a href="#[26e]">DispMenuConfig_M_DevFailRight</a> from setdevice.o(i.DispMenuConfig_M_DevFailRight) referenced from menufsm.o(.constdata)
 <LI><a href="#[26b]">DispMenuConfig_M_DevFailUp</a> from setdevice.o(i.DispMenuConfig_M_DevFailUp) referenced from menufsm.o(.constdata)
 <LI><a href="#[262]">DispMenuConfig_M_DevInit</a> from setdevice.o(i.DispMenuConfig_M_DevInit) referenced from menufsm.o(.constdata)
 <LI><a href="#[265]">DispMenuConfig_M_DevLeft</a> from setdevice.o(i.DispMenuConfig_M_DevLeft) referenced from menufsm.o(.constdata)
 <LI><a href="#[266]">DispMenuConfig_M_DevRight</a> from setdevice.o(i.DispMenuConfig_M_DevRight) referenced from menufsm.o(.constdata)
 <LI><a href="#[263]">DispMenuConfig_M_DevUp</a> from setdevice.o(i.DispMenuConfig_M_DevUp) referenced from menufsm.o(.constdata)
 <LI><a href="#[25c]">DispMenuConfig_S_DevDown</a> from setdevice.o(i.DispMenuConfig_S_DevDown) referenced from menufsm.o(.constdata)
 <LI><a href="#[260]">DispMenuConfig_S_DevEscDown</a> from setdevice.o(i.DispMenuConfig_S_DevEscDown) referenced from menufsm.o(.constdata)
 <LI><a href="#[261]">DispMenuConfig_S_DevEscOk</a> from setdevice.o(i.DispMenuConfig_S_DevEscOk) referenced from menufsm.o(.constdata)
 <LI><a href="#[25f]">DispMenuConfig_S_DevEscUp</a> from setdevice.o(i.DispMenuConfig_S_DevEscUp) referenced from menufsm.o(.constdata)
 <LI><a href="#[25a]">DispMenuConfig_S_DevInit</a> from setdevice.o(i.DispMenuConfig_S_DevInit) referenced from menufsm.o(.constdata)
 <LI><a href="#[25d]">DispMenuConfig_S_DevLeft</a> from setdevice.o(i.DispMenuConfig_S_DevLeft) referenced from menufsm.o(.constdata)
 <LI><a href="#[25e]">DispMenuConfig_S_DevRight</a> from setdevice.o(i.DispMenuConfig_S_DevRight) referenced from menufsm.o(.constdata)
 <LI><a href="#[25b]">DispMenuConfig_S_DevUp</a> from setdevice.o(i.DispMenuConfig_S_DevUp) referenced from menufsm.o(.constdata)
 <LI><a href="#[21c]">DispMenuControlAddrSetDown</a> from setdevice.o(i.DispMenuControlAddrSetDown) referenced from menufsm.o(.constdata)
 <LI><a href="#[220]">DispMenuControlAddrSetEscDown</a> from setdevice.o(i.DispMenuControlAddrSetEscDown) referenced from menufsm.o(.constdata)
 <LI><a href="#[221]">DispMenuControlAddrSetEscOk</a> from setdevice.o(i.DispMenuControlAddrSetEscOk) referenced from menufsm.o(.constdata)
 <LI><a href="#[21f]">DispMenuControlAddrSetEscUp</a> from setdevice.o(i.DispMenuControlAddrSetEscUp) referenced from menufsm.o(.constdata)
 <LI><a href="#[21a]">DispMenuControlAddrSetInit</a> from setdevice.o(i.DispMenuControlAddrSetInit) referenced from menufsm.o(.constdata)
 <LI><a href="#[21d]">DispMenuControlAddrSetLeft</a> from setdevice.o(i.DispMenuControlAddrSetLeft) referenced from menufsm.o(.constdata)
 <LI><a href="#[21e]">DispMenuControlAddrSetRight</a> from setdevice.o(i.DispMenuControlAddrSetRight) referenced from menufsm.o(.constdata)
 <LI><a href="#[21b]">DispMenuControlAddrSetUp</a> from setdevice.o(i.DispMenuControlAddrSetUp) referenced from menufsm.o(.constdata)
 <LI><a href="#[174]">DispMenuDateSetDown</a> from setdevice.o(i.DispMenuDateSetDown) referenced from menufsm.o(.constdata)
 <LI><a href="#[178]">DispMenuDateSetEscDown</a> from setdevice.o(i.DispMenuDateSetEscDown) referenced from menufsm.o(.constdata)
 <LI><a href="#[179]">DispMenuDateSetEscOk</a> from setdevice.o(i.DispMenuDateSetEscOk) referenced from menufsm.o(.constdata)
 <LI><a href="#[177]">DispMenuDateSetEscUp</a> from setdevice.o(i.DispMenuDateSetEscUp) referenced from menufsm.o(.constdata)
 <LI><a href="#[172]">DispMenuDateSetInit</a> from setdevice.o(i.DispMenuDateSetInit) referenced from menufsm.o(.constdata)
 <LI><a href="#[175]">DispMenuDateSetLeft</a> from setdevice.o(i.DispMenuDateSetLeft) referenced from menufsm.o(.constdata)
 <LI><a href="#[176]">DispMenuDateSetRight</a> from setdevice.o(i.DispMenuDateSetRight) referenced from menufsm.o(.constdata)
 <LI><a href="#[173]">DispMenuDateSetUp</a> from setdevice.o(i.DispMenuDateSetUp) referenced from menufsm.o(.constdata)
 <LI><a href="#[1cc]">DispMenuEnglishCharSetDown</a> from setdevice.o(i.DispMenuEnglishCharSetDown) referenced from menufsm.o(.constdata)
 <LI><a href="#[1d0]">DispMenuEnglishCharSetEscDown</a> from setdevice.o(i.DispMenuEnglishCharSetEscDown) referenced from menufsm.o(.constdata)
 <LI><a href="#[1d1]">DispMenuEnglishCharSetEscOk</a> from setdevice.o(i.DispMenuEnglishCharSetEscOk) referenced from menufsm.o(.constdata)
 <LI><a href="#[1cf]">DispMenuEnglishCharSetEscUp</a> from setdevice.o(i.DispMenuEnglishCharSetEscUp) referenced from menufsm.o(.constdata)
 <LI><a href="#[1ca]">DispMenuEnglishCharSetInit</a> from setdevice.o(i.DispMenuEnglishCharSetInit) referenced from menufsm.o(.constdata)
 <LI><a href="#[1cd]">DispMenuEnglishCharSetLeft</a> from setdevice.o(i.DispMenuEnglishCharSetLeft) referenced from menufsm.o(.constdata)
 <LI><a href="#[1ce]">DispMenuEnglishCharSetRight</a> from setdevice.o(i.DispMenuEnglishCharSetRight) referenced from menufsm.o(.constdata)
 <LI><a href="#[1cb]">DispMenuEnglishCharSetUp</a> from setdevice.o(i.DispMenuEnglishCharSetUp) referenced from menufsm.o(.constdata)
 <LI><a href="#[e4]">DispMenuFactorySetDown</a> from setdevice.o(i.DispMenuFactorySetDown) referenced from menufsm.o(.constdata)
 <LI><a href="#[e8]">DispMenuFactorySetEscDown</a> from setdevice.o(i.DispMenuFactorySetEscDown) referenced from menufsm.o(.constdata)
 <LI><a href="#[e9]">DispMenuFactorySetEscOk</a> from setdevice.o(i.DispMenuFactorySetEscOk) referenced from menufsm.o(.constdata)
 <LI><a href="#[e7]">DispMenuFactorySetEscUp</a> from setdevice.o(i.DispMenuFactorySetEscUp) referenced from menufsm.o(.constdata)
 <LI><a href="#[e2]">DispMenuFactorySetInit</a> from setdevice.o(i.DispMenuFactorySetInit) referenced from menufsm.o(.constdata)
 <LI><a href="#[e5]">DispMenuFactorySetLeft</a> from setdevice.o(i.DispMenuFactorySetLeft) referenced from menufsm.o(.constdata)
 <LI><a href="#[e6]">DispMenuFactorySetRight</a> from setdevice.o(i.DispMenuFactorySetRight) referenced from menufsm.o(.constdata)
 <LI><a href="#[e3]">DispMenuFactorySetUp</a> from setdevice.o(i.DispMenuFactorySetUp) referenced from menufsm.o(.constdata)
 <LI><a href="#[1fc]">DispMenuFullColorLightPatternSetDown</a> from setdevice.o(i.DispMenuFullColorLightPatternSetDown) referenced from menufsm.o(.constdata)
 <LI><a href="#[200]">DispMenuFullColorLightPatternSetEscDown</a> from setdevice.o(i.DispMenuFullColorLightPatternSetEscDown) referenced from menufsm.o(.constdata)
 <LI><a href="#[201]">DispMenuFullColorLightPatternSetEscOk</a> from setdevice.o(i.DispMenuFullColorLightPatternSetEscOk) referenced from menufsm.o(.constdata)
 <LI><a href="#[1ff]">DispMenuFullColorLightPatternSetEscUp</a> from setdevice.o(i.DispMenuFullColorLightPatternSetEscUp) referenced from menufsm.o(.constdata)
 <LI><a href="#[1fa]">DispMenuFullColorLightPatternSetInit</a> from setdevice.o(i.DispMenuFullColorLightPatternSetInit) referenced from menufsm.o(.constdata)
 <LI><a href="#[1fd]">DispMenuFullColorLightPatternSetLeft</a> from setdevice.o(i.DispMenuFullColorLightPatternSetLeft) referenced from menufsm.o(.constdata)
 <LI><a href="#[1fe]">DispMenuFullColorLightPatternSetRight</a> from setdevice.o(i.DispMenuFullColorLightPatternSetRight) referenced from menufsm.o(.constdata)
 <LI><a href="#[1fb]">DispMenuFullColorLightPatternSetUp</a> from setdevice.o(i.DispMenuFullColorLightPatternSetUp) referenced from menufsm.o(.constdata)
 <LI><a href="#[1e4]">DispMenuFullColorLightSetDown</a> from setdevice.o(i.DispMenuFullColorLightSetDown) referenced from menufsm.o(.constdata)
 <LI><a href="#[1e8]">DispMenuFullColorLightSetEscDown</a> from setdevice.o(i.DispMenuFullColorLightSetEscDown) referenced from menufsm.o(.constdata)
 <LI><a href="#[1e9]">DispMenuFullColorLightSetEscOk</a> from setdevice.o(i.DispMenuFullColorLightSetEscOk) referenced from menufsm.o(.constdata)
 <LI><a href="#[1e7]">DispMenuFullColorLightSetEscUp</a> from setdevice.o(i.DispMenuFullColorLightSetEscUp) referenced from menufsm.o(.constdata)
 <LI><a href="#[1e2]">DispMenuFullColorLightSetInit</a> from setdevice.o(i.DispMenuFullColorLightSetInit) referenced from menufsm.o(.constdata)
 <LI><a href="#[1e5]">DispMenuFullColorLightSetLeft</a> from setdevice.o(i.DispMenuFullColorLightSetLeft) referenced from menufsm.o(.constdata)
 <LI><a href="#[1e6]">DispMenuFullColorLightSetRight</a> from setdevice.o(i.DispMenuFullColorLightSetRight) referenced from menufsm.o(.constdata)
 <LI><a href="#[1e3]">DispMenuFullColorLightSetUp</a> from setdevice.o(i.DispMenuFullColorLightSetUp) referenced from menufsm.o(.constdata)
 <LI><a href="#[b0]">DispMenuFuncDown</a> from menufunc.o(i.DispMenuFuncDown) referenced from menufsm.o(.constdata)
 <LI><a href="#[ae]">DispMenuFuncInit</a> from menufunc.o(i.DispMenuFuncInit) referenced from menufsm.o(.constdata)
 <LI><a href="#[b1]">DispMenuFuncLeft</a> from menufunc.o(i.DispMenuFuncLeft) referenced from menufsm.o(.constdata)
 <LI><a href="#[b2]">DispMenuFuncRight</a> from menufunc.o(i.DispMenuFuncRight) referenced from menufsm.o(.constdata)
 <LI><a href="#[af]">DispMenuFuncUp</a> from menufunc.o(i.DispMenuFuncUp) referenced from menufsm.o(.constdata)
 <LI><a href="#[13c]">DispMenuGameModeSelectDown</a> from setdevice.o(i.DispMenuGameModeSelectDown) referenced from menufsm.o(.constdata)
 <LI><a href="#[140]">DispMenuGameModeSelectEscDown</a> from setdevice.o(i.DispMenuGameModeSelectEscDown) referenced from menufsm.o(.constdata)
 <LI><a href="#[141]">DispMenuGameModeSelectEscOk</a> from setdevice.o(i.DispMenuGameModeSelectEscOk) referenced from menufsm.o(.constdata)
 <LI><a href="#[13f]">DispMenuGameModeSelectEscUp</a> from setdevice.o(i.DispMenuGameModeSelectEscUp) referenced from menufsm.o(.constdata)
 <LI><a href="#[13a]">DispMenuGameModeSelectInit</a> from setdevice.o(i.DispMenuGameModeSelectInit) referenced from menufsm.o(.constdata)
 <LI><a href="#[13d]">DispMenuGameModeSelectLeft</a> from setdevice.o(i.DispMenuGameModeSelectLeft) referenced from menufsm.o(.constdata)
 <LI><a href="#[13e]">DispMenuGameModeSelectRight</a> from setdevice.o(i.DispMenuGameModeSelectRight) referenced from menufsm.o(.constdata)
 <LI><a href="#[13b]">DispMenuGameModeSelectUp</a> from setdevice.o(i.DispMenuGameModeSelectUp) referenced from menufsm.o(.constdata)
 <LI><a href="#[144]">DispMenuGameModeSetDown</a> from setdevice.o(i.DispMenuGameModeSetDown) referenced from menufsm.o(.constdata)
 <LI><a href="#[148]">DispMenuGameModeSetEscDown</a> from setdevice.o(i.DispMenuGameModeSetEscDown) referenced from menufsm.o(.constdata)
 <LI><a href="#[149]">DispMenuGameModeSetEscOk</a> from setdevice.o(i.DispMenuGameModeSetEscOk) referenced from menufsm.o(.constdata)
 <LI><a href="#[147]">DispMenuGameModeSetEscUp</a> from setdevice.o(i.DispMenuGameModeSetEscUp) referenced from menufsm.o(.constdata)
 <LI><a href="#[142]">DispMenuGameModeSetInit</a> from setdevice.o(i.DispMenuGameModeSetInit) referenced from menufsm.o(.constdata)
 <LI><a href="#[145]">DispMenuGameModeSetLeft</a> from setdevice.o(i.DispMenuGameModeSetLeft) referenced from menufsm.o(.constdata)
 <LI><a href="#[146]">DispMenuGameModeSetRight</a> from setdevice.o(i.DispMenuGameModeSetRight) referenced from menufsm.o(.constdata)
 <LI><a href="#[143]">DispMenuGameModeSetUp</a> from setdevice.o(i.DispMenuGameModeSetUp) referenced from menufsm.o(.constdata)
 <LI><a href="#[194]">DispMenuGameSelectDown</a> from setdevice.o(i.DispMenuGameSelectDown) referenced from menufsm.o(.constdata)
 <LI><a href="#[198]">DispMenuGameSelectEscDown</a> from setdevice.o(i.DispMenuGameSelectEscDown) referenced from menufsm.o(.constdata)
 <LI><a href="#[199]">DispMenuGameSelectEscOk</a> from setdevice.o(i.DispMenuGameSelectEscOk) referenced from menufsm.o(.constdata)
 <LI><a href="#[197]">DispMenuGameSelectEscUp</a> from setdevice.o(i.DispMenuGameSelectEscUp) referenced from menufsm.o(.constdata)
 <LI><a href="#[192]">DispMenuGameSelectInit</a> from setdevice.o(i.DispMenuGameSelectInit) referenced from menufsm.o(.constdata)
 <LI><a href="#[195]">DispMenuGameSelectLeft</a> from setdevice.o(i.DispMenuGameSelectLeft) referenced from menufsm.o(.constdata)
 <LI><a href="#[196]">DispMenuGameSelectRight</a> from setdevice.o(i.DispMenuGameSelectRight) referenced from menufsm.o(.constdata)
 <LI><a href="#[193]">DispMenuGameSelectUp</a> from setdevice.o(i.DispMenuGameSelectUp) referenced from menufsm.o(.constdata)
 <LI><a href="#[20c]">DispMenuGroupsLedNumberSetDown</a> from setdevice.o(i.DispMenuGroupsLedNumberSetDown) referenced from menufsm.o(.constdata)
 <LI><a href="#[210]">DispMenuGroupsLedNumberSetEscDown</a> from setdevice.o(i.DispMenuGroupsLedNumberSetEscDown) referenced from menufsm.o(.constdata)
 <LI><a href="#[211]">DispMenuGroupsLedNumberSetEscOk</a> from setdevice.o(i.DispMenuGroupsLedNumberSetEscOk) referenced from menufsm.o(.constdata)
 <LI><a href="#[20f]">DispMenuGroupsLedNumberSetEscUp</a> from setdevice.o(i.DispMenuGroupsLedNumberSetEscUp) referenced from menufsm.o(.constdata)
 <LI><a href="#[20a]">DispMenuGroupsLedNumberSetInit</a> from setdevice.o(i.DispMenuGroupsLedNumberSetInit) referenced from menufsm.o(.constdata)
 <LI><a href="#[20d]">DispMenuGroupsLedNumberSetLeft</a> from setdevice.o(i.DispMenuGroupsLedNumberSetLeft) referenced from menufsm.o(.constdata)
 <LI><a href="#[20e]">DispMenuGroupsLedNumberSetRight</a> from setdevice.o(i.DispMenuGroupsLedNumberSetRight) referenced from menufsm.o(.constdata)
 <LI><a href="#[20b]">DispMenuGroupsLedNumberSetUp</a> from setdevice.o(i.DispMenuGroupsLedNumberSetUp) referenced from menufsm.o(.constdata)
 <LI><a href="#[ba]">DispMenuLanguageDown</a> from menulanguage.o(i.DispMenuLanguageDown) referenced from menufsm.o(.constdata)
 <LI><a href="#[b8]">DispMenuLanguageInit</a> from menulanguage.o(i.DispMenuLanguageInit) referenced from menufsm.o(.constdata)
 <LI><a href="#[bb]">DispMenuLanguageLeft</a> from menulanguage.o(i.DispMenuLanguageLeft) referenced from menufsm.o(.constdata)
 <LI><a href="#[bc]">DispMenuLanguageRight</a> from menulanguage.o(i.DispMenuLanguageRight) referenced from menufsm.o(.constdata)
 <LI><a href="#[b9]">DispMenuLanguageUp</a> from menulanguage.o(i.DispMenuLanguageUp) referenced from menufsm.o(.constdata)
 <LI><a href="#[274]">DispMenuLedColorCycleModeSetDown</a> from setdevice.o(i.DispMenuLedColorCycleModeSetDown) referenced from menufsm.o(.constdata)
 <LI><a href="#[278]">DispMenuLedColorCycleModeSetEscDown</a> from setdevice.o(i.DispMenuLedColorCycleModeSetEscDown) referenced from menufsm.o(.constdata)
 <LI><a href="#[279]">DispMenuLedColorCycleModeSetEscOk</a> from setdevice.o(i.DispMenuLedColorCycleModeSetEscOk) referenced from menufsm.o(.constdata)
 <LI><a href="#[277]">DispMenuLedColorCycleModeSetEscUp</a> from setdevice.o(i.DispMenuLedColorCycleModeSetEscUp) referenced from menufsm.o(.constdata)
 <LI><a href="#[272]">DispMenuLedColorCycleModeSetInit</a> from setdevice.o(i.DispMenuLedColorCycleModeSetInit) referenced from menufsm.o(.constdata)
 <LI><a href="#[275]">DispMenuLedColorCycleModeSetLeft</a> from setdevice.o(i.DispMenuLedColorCycleModeSetLeft) referenced from menufsm.o(.constdata)
 <LI><a href="#[276]">DispMenuLedColorCycleModeSetRight</a> from setdevice.o(i.DispMenuLedColorCycleModeSetRight) referenced from menufsm.o(.constdata)
 <LI><a href="#[273]">DispMenuLedColorCycleModeSetUp</a> from setdevice.o(i.DispMenuLedColorCycleModeSetUp) referenced from menufsm.o(.constdata)
 <LI><a href="#[22c]">DispMenuLedColorCycleTimeSetDown</a> from setdevice.o(i.DispMenuLedColorCycleTimeSetDown) referenced from menufsm.o(.constdata)
 <LI><a href="#[230]">DispMenuLedColorCycleTimeSetEscDown</a> from setdevice.o(i.DispMenuLedColorCycleTimeSetEscDown) referenced from menufsm.o(.constdata)
 <LI><a href="#[231]">DispMenuLedColorCycleTimeSetEscOk</a> from setdevice.o(i.DispMenuLedColorCycleTimeSetEscOk) referenced from menufsm.o(.constdata)
 <LI><a href="#[22f]">DispMenuLedColorCycleTimeSetEscUp</a> from setdevice.o(i.DispMenuLedColorCycleTimeSetEscUp) referenced from menufsm.o(.constdata)
 <LI><a href="#[22a]">DispMenuLedColorCycleTimeSetInit</a> from setdevice.o(i.DispMenuLedColorCycleTimeSetInit) referenced from menufsm.o(.constdata)
 <LI><a href="#[22d]">DispMenuLedColorCycleTimeSetLeft</a> from setdevice.o(i.DispMenuLedColorCycleTimeSetLeft) referenced from menufsm.o(.constdata)
 <LI><a href="#[22e]">DispMenuLedColorCycleTimeSetRight</a> from setdevice.o(i.DispMenuLedColorCycleTimeSetRight) referenced from menufsm.o(.constdata)
 <LI><a href="#[22b]">DispMenuLedColorCycleTimeSetUp</a> from setdevice.o(i.DispMenuLedColorCycleTimeSetUp) referenced from menufsm.o(.constdata)
 <LI><a href="#[214]">DispMenuLedColourSetDown</a> from setdevice.o(i.DispMenuLedColourSetDown) referenced from menufsm.o(.constdata)
 <LI><a href="#[218]">DispMenuLedColourSetEscDown</a> from setdevice.o(i.DispMenuLedColourSetEscDown) referenced from menufsm.o(.constdata)
 <LI><a href="#[219]">DispMenuLedColourSetEscOk</a> from setdevice.o(i.DispMenuLedColourSetEscOk) referenced from menufsm.o(.constdata)
 <LI><a href="#[217]">DispMenuLedColourSetEscUp</a> from setdevice.o(i.DispMenuLedColourSetEscUp) referenced from menufsm.o(.constdata)
 <LI><a href="#[212]">DispMenuLedColourSetInit</a> from setdevice.o(i.DispMenuLedColourSetInit) referenced from menufsm.o(.constdata)
 <LI><a href="#[215]">DispMenuLedColourSetLeft</a> from setdevice.o(i.DispMenuLedColourSetLeft) referenced from menufsm.o(.constdata)
 <LI><a href="#[216]">DispMenuLedColourSetRight</a> from setdevice.o(i.DispMenuLedColourSetRight) referenced from menufsm.o(.constdata)
 <LI><a href="#[213]">DispMenuLedColourSetUp</a> from setdevice.o(i.DispMenuLedColourSetUp) referenced from menufsm.o(.constdata)
 <LI><a href="#[234]">DispMenuLedControlSetDown</a> from setdevice.o(i.DispMenuLedControlSetDown) referenced from menufsm.o(.constdata)
 <LI><a href="#[238]">DispMenuLedControlSetEscDown</a> from setdevice.o(i.DispMenuLedControlSetEscDown) referenced from menufsm.o(.constdata)
 <LI><a href="#[239]">DispMenuLedControlSetEscOk</a> from setdevice.o(i.DispMenuLedControlSetEscOk) referenced from menufsm.o(.constdata)
 <LI><a href="#[237]">DispMenuLedControlSetEscUp</a> from setdevice.o(i.DispMenuLedControlSetEscUp) referenced from menufsm.o(.constdata)
 <LI><a href="#[232]">DispMenuLedControlSetInit</a> from setdevice.o(i.DispMenuLedControlSetInit) referenced from menufsm.o(.constdata)
 <LI><a href="#[235]">DispMenuLedControlSetLeft</a> from setdevice.o(i.DispMenuLedControlSetLeft) referenced from menufsm.o(.constdata)
 <LI><a href="#[236]">DispMenuLedControlSetRight</a> from setdevice.o(i.DispMenuLedControlSetRight) referenced from menufsm.o(.constdata)
 <LI><a href="#[233]">DispMenuLedControlSetUp</a> from setdevice.o(i.DispMenuLedControlSetUp) referenced from menufsm.o(.constdata)
 <LI><a href="#[124]">DispMenuLightsModeSetDown</a> from setdevice.o(i.DispMenuLightsModeSetDown) referenced from menufsm.o(.constdata)
 <LI><a href="#[128]">DispMenuLightsModeSetEscDown</a> from setdevice.o(i.DispMenuLightsModeSetEscDown) referenced from menufsm.o(.constdata)
 <LI><a href="#[129]">DispMenuLightsModeSetEscOk</a> from setdevice.o(i.DispMenuLightsModeSetEscOk) referenced from menufsm.o(.constdata)
 <LI><a href="#[127]">DispMenuLightsModeSetEscUp</a> from setdevice.o(i.DispMenuLightsModeSetEscUp) referenced from menufsm.o(.constdata)
 <LI><a href="#[122]">DispMenuLightsModeSetInit</a> from setdevice.o(i.DispMenuLightsModeSetInit) referenced from menufsm.o(.constdata)
 <LI><a href="#[125]">DispMenuLightsModeSetLeft</a> from setdevice.o(i.DispMenuLightsModeSetLeft) referenced from menufsm.o(.constdata)
 <LI><a href="#[126]">DispMenuLightsModeSetRight</a> from setdevice.o(i.DispMenuLightsModeSetRight) referenced from menufsm.o(.constdata)
 <LI><a href="#[123]">DispMenuLightsModeSetUp</a> from setdevice.o(i.DispMenuLightsModeSetUp) referenced from menufsm.o(.constdata)
 <LI><a href="#[134]">DispMenuLightsSpacingSetDown</a> from setdevice.o(i.DispMenuLightsSpacingSetDown) referenced from menufsm.o(.constdata)
 <LI><a href="#[138]">DispMenuLightsSpacingSetEscDown</a> from setdevice.o(i.DispMenuLightsSpacingSetEscDown) referenced from menufsm.o(.constdata)
 <LI><a href="#[139]">DispMenuLightsSpacingSetEscOk</a> from setdevice.o(i.DispMenuLightsSpacingSetEscOk) referenced from menufsm.o(.constdata)
 <LI><a href="#[137]">DispMenuLightsSpacingSetEscUp</a> from setdevice.o(i.DispMenuLightsSpacingSetEscUp) referenced from menufsm.o(.constdata)
 <LI><a href="#[132]">DispMenuLightsSpacingSetInit</a> from setdevice.o(i.DispMenuLightsSpacingSetInit) referenced from menufsm.o(.constdata)
 <LI><a href="#[135]">DispMenuLightsSpacingSetLeft</a> from setdevice.o(i.DispMenuLightsSpacingSetLeft) referenced from menufsm.o(.constdata)
 <LI><a href="#[136]">DispMenuLightsSpacingSetRight</a> from setdevice.o(i.DispMenuLightsSpacingSetRight) referenced from menufsm.o(.constdata)
 <LI><a href="#[133]">DispMenuLightsSpacingSetUp</a> from setdevice.o(i.DispMenuLightsSpacingSetUp) referenced from menufsm.o(.constdata)
 <LI><a href="#[12c]">DispMenuLightsSpeedSetDown</a> from setdevice.o(i.DispMenuLightsSpeedSetDown) referenced from menufsm.o(.constdata)
 <LI><a href="#[130]">DispMenuLightsSpeedSetEscDown</a> from setdevice.o(i.DispMenuLightsSpeedSetEscDown) referenced from menufsm.o(.constdata)
 <LI><a href="#[131]">DispMenuLightsSpeedSetEscOk</a> from setdevice.o(i.DispMenuLightsSpeedSetEscOk) referenced from menufsm.o(.constdata)
 <LI><a href="#[12f]">DispMenuLightsSpeedSetEscUp</a> from setdevice.o(i.DispMenuLightsSpeedSetEscUp) referenced from menufsm.o(.constdata)
 <LI><a href="#[12a]">DispMenuLightsSpeedSetInit</a> from setdevice.o(i.DispMenuLightsSpeedSetInit) referenced from menufsm.o(.constdata)
 <LI><a href="#[12d]">DispMenuLightsSpeedSetLeft</a> from setdevice.o(i.DispMenuLightsSpeedSetLeft) referenced from menufsm.o(.constdata)
 <LI><a href="#[12e]">DispMenuLightsSpeedSetRight</a> from setdevice.o(i.DispMenuLightsSpeedSetRight) referenced from menufsm.o(.constdata)
 <LI><a href="#[12b]">DispMenuLightsSpeedSetUp</a> from setdevice.o(i.DispMenuLightsSpeedSetUp) referenced from menufsm.o(.constdata)
 <LI><a href="#[dc]">DispMenuLightsStatusSetDown</a> from setdevice.o(i.DispMenuLightsStatusSetDown) referenced from menufsm.o(.constdata)
 <LI><a href="#[e0]">DispMenuLightsStatusSetEscDown</a> from setdevice.o(i.DispMenuLightsStatusSetEscDown) referenced from menufsm.o(.constdata)
 <LI><a href="#[e1]">DispMenuLightsStatusSetEscOk</a> from setdevice.o(i.DispMenuLightsStatusSetEscOk) referenced from menufsm.o(.constdata)
 <LI><a href="#[df]">DispMenuLightsStatusSetEscUp</a> from setdevice.o(i.DispMenuLightsStatusSetEscUp) referenced from menufsm.o(.constdata)
 <LI><a href="#[da]">DispMenuLightsStatusSetInit</a> from setdevice.o(i.DispMenuLightsStatusSetInit) referenced from menufsm.o(.constdata)
 <LI><a href="#[dd]">DispMenuLightsStatusSetLeft</a> from setdevice.o(i.DispMenuLightsStatusSetLeft) referenced from menufsm.o(.constdata)
 <LI><a href="#[de]">DispMenuLightsStatusSetRight</a> from setdevice.o(i.DispMenuLightsStatusSetRight) referenced from menufsm.o(.constdata)
 <LI><a href="#[db]">DispMenuLightsStatusSetUp</a> from setdevice.o(i.DispMenuLightsStatusSetUp) referenced from menufsm.o(.constdata)
 <LI><a href="#[23c]">DispMenuLocal_OnOffDown</a> from setdevice.o(i.DispMenuLocal_OnOffDown) referenced from menufsm.o(.constdata)
 <LI><a href="#[240]">DispMenuLocal_OnOffEscDown</a> from setdevice.o(i.DispMenuLocal_OnOffEscDown) referenced from menufsm.o(.constdata)
 <LI><a href="#[241]">DispMenuLocal_OnOffEscOk</a> from setdevice.o(i.DispMenuLocal_OnOffEscOk) referenced from menufsm.o(.constdata)
 <LI><a href="#[23f]">DispMenuLocal_OnOffEscUp</a> from setdevice.o(i.DispMenuLocal_OnOffEscUp) referenced from menufsm.o(.constdata)
 <LI><a href="#[23a]">DispMenuLocal_OnOffInit</a> from setdevice.o(i.DispMenuLocal_OnOffInit) referenced from menufsm.o(.constdata)
 <LI><a href="#[23d]">DispMenuLocal_OnOffLeft</a> from setdevice.o(i.DispMenuLocal_OnOffLeft) referenced from menufsm.o(.constdata)
 <LI><a href="#[23e]">DispMenuLocal_OnOffRight</a> from setdevice.o(i.DispMenuLocal_OnOffRight) referenced from menufsm.o(.constdata)
 <LI><a href="#[23b]">DispMenuLocal_OnOffUp</a> from setdevice.o(i.DispMenuLocal_OnOffUp) referenced from menufsm.o(.constdata)
 <LI><a href="#[24c]">DispMenuLocal_TimerDown</a> from setdevice.o(i.DispMenuLocal_TimerDown) referenced from menufsm.o(.constdata)
 <LI><a href="#[250]">DispMenuLocal_TimerEscDown</a> from setdevice.o(i.DispMenuLocal_TimerEscDown) referenced from menufsm.o(.constdata)
 <LI><a href="#[251]">DispMenuLocal_TimerEscOk</a> from setdevice.o(i.DispMenuLocal_TimerEscOk) referenced from menufsm.o(.constdata)
 <LI><a href="#[24f]">DispMenuLocal_TimerEscUp</a> from setdevice.o(i.DispMenuLocal_TimerEscUp) referenced from menufsm.o(.constdata)
 <LI><a href="#[24a]">DispMenuLocal_TimerInit</a> from setdevice.o(i.DispMenuLocal_TimerInit) referenced from menufsm.o(.constdata)
 <LI><a href="#[24d]">DispMenuLocal_TimerLeft</a> from setdevice.o(i.DispMenuLocal_TimerLeft) referenced from menufsm.o(.constdata)
 <LI><a href="#[24e]">DispMenuLocal_TimerRight</a> from setdevice.o(i.DispMenuLocal_TimerRight) referenced from menufsm.o(.constdata)
 <LI><a href="#[24b]">DispMenuLocal_TimerUp</a> from setdevice.o(i.DispMenuLocal_TimerUp) referenced from menufsm.o(.constdata)
 <LI><a href="#[204]">DispMenuMaxLedNumberSetDown</a> from setdevice.o(i.DispMenuMaxLedNumberSetDown) referenced from menufsm.o(.constdata)
 <LI><a href="#[208]">DispMenuMaxLedNumberSetEscDown</a> from setdevice.o(i.DispMenuMaxLedNumberSetEscDown) referenced from menufsm.o(.constdata)
 <LI><a href="#[209]">DispMenuMaxLedNumberSetEscOk</a> from setdevice.o(i.DispMenuMaxLedNumberSetEscOk) referenced from menufsm.o(.constdata)
 <LI><a href="#[207]">DispMenuMaxLedNumberSetEscUp</a> from setdevice.o(i.DispMenuMaxLedNumberSetEscUp) referenced from menufsm.o(.constdata)
 <LI><a href="#[202]">DispMenuMaxLedNumberSetInit</a> from setdevice.o(i.DispMenuMaxLedNumberSetInit) referenced from menufsm.o(.constdata)
 <LI><a href="#[205]">DispMenuMaxLedNumberSetLeft</a> from setdevice.o(i.DispMenuMaxLedNumberSetLeft) referenced from menufsm.o(.constdata)
 <LI><a href="#[206]">DispMenuMaxLedNumberSetRight</a> from setdevice.o(i.DispMenuMaxLedNumberSetRight) referenced from menufsm.o(.constdata)
 <LI><a href="#[203]">DispMenuMaxLedNumberSetUp</a> from setdevice.o(i.DispMenuMaxLedNumberSetUp) referenced from menufsm.o(.constdata)
 <LI><a href="#[bf]">DispMenuMeasureDown</a> from menumeasure.o(i.DispMenuMeasureDown) referenced 2 times from menufsm.o(.constdata)
 <LI><a href="#[bd]">DispMenuMeasureInit</a> from menumeasure.o(i.DispMenuMeasureInit) referenced from menufsm.o(.constdata)
 <LI><a href="#[c0]">DispMenuMeasureLeft</a> from menumeasure.o(i.DispMenuMeasureLeft) referenced 2 times from menufsm.o(.constdata)
 <LI><a href="#[c1]">DispMenuMeasureRight</a> from menumeasure.o(i.DispMenuMeasureRight) referenced 2 times from menufsm.o(.constdata)
 <LI><a href="#[be]">DispMenuMeasureUp</a> from menumeasure.o(i.DispMenuMeasureUp) referenced from menufsm.o(.constdata)
 <LI><a href="#[d4]">DispMenuMusicStatusSetDown</a> from setdevice.o(i.DispMenuMusicStatusSetDown) referenced from menufsm.o(.constdata)
 <LI><a href="#[d8]">DispMenuMusicStatusSetEscDown</a> from setdevice.o(i.DispMenuMusicStatusSetEscDown) referenced from menufsm.o(.constdata)
 <LI><a href="#[d9]">DispMenuMusicStatusSetEscOk</a> from setdevice.o(i.DispMenuMusicStatusSetEscOk) referenced from menufsm.o(.constdata)
 <LI><a href="#[d7]">DispMenuMusicStatusSetEscUp</a> from setdevice.o(i.DispMenuMusicStatusSetEscUp) referenced from menufsm.o(.constdata)
 <LI><a href="#[d2]">DispMenuMusicStatusSetInit</a> from setdevice.o(i.DispMenuMusicStatusSetInit) referenced from menufsm.o(.constdata)
 <LI><a href="#[d5]">DispMenuMusicStatusSetLeft</a> from setdevice.o(i.DispMenuMusicStatusSetLeft) referenced from menufsm.o(.constdata)
 <LI><a href="#[d6]">DispMenuMusicStatusSetRight</a> from setdevice.o(i.DispMenuMusicStatusSetRight) referenced from menufsm.o(.constdata)
 <LI><a href="#[d3]">DispMenuMusicStatusSetUp</a> from setdevice.o(i.DispMenuMusicStatusSetUp) referenced from menufsm.o(.constdata)
 <LI><a href="#[1f4]">DispMenuNumberOfFramesSetDown</a> from setdevice.o(i.DispMenuNumberOfFramesSetDown) referenced from menufsm.o(.constdata)
 <LI><a href="#[1f8]">DispMenuNumberOfFramesSetEscDown</a> from setdevice.o(i.DispMenuNumberOfFramesSetEscDown) referenced from menufsm.o(.constdata)
 <LI><a href="#[1f9]">DispMenuNumberOfFramesSetEscOk</a> from setdevice.o(i.DispMenuNumberOfFramesSetEscOk) referenced from menufsm.o(.constdata)
 <LI><a href="#[1f7]">DispMenuNumberOfFramesSetEscUp</a> from setdevice.o(i.DispMenuNumberOfFramesSetEscUp) referenced from menufsm.o(.constdata)
 <LI><a href="#[1f2]">DispMenuNumberOfFramesSetInit</a> from setdevice.o(i.DispMenuNumberOfFramesSetInit) referenced from menufsm.o(.constdata)
 <LI><a href="#[1f5]">DispMenuNumberOfFramesSetLeft</a> from setdevice.o(i.DispMenuNumberOfFramesSetLeft) referenced from menufsm.o(.constdata)
 <LI><a href="#[1f6]">DispMenuNumberOfFramesSetRight</a> from setdevice.o(i.DispMenuNumberOfFramesSetRight) referenced from menufsm.o(.constdata)
 <LI><a href="#[1f3]">DispMenuNumberOfFramesSetUp</a> from setdevice.o(i.DispMenuNumberOfFramesSetUp) referenced from menufsm.o(.constdata)
 <LI><a href="#[b5]">DispMenuParaDown</a> from menupara.o(i.DispMenuParaDown) referenced from menufsm.o(.constdata)
 <LI><a href="#[b3]">DispMenuParaInit</a> from menupara.o(i.DispMenuParaInit) referenced from menufsm.o(.constdata)
 <LI><a href="#[b6]">DispMenuParaLeft</a> from menupara.o(i.DispMenuParaLeft) referenced from menufsm.o(.constdata)
 <LI><a href="#[b7]">DispMenuParaRight</a> from menupara.o(i.DispMenuParaRight) referenced from menufsm.o(.constdata)
 <LI><a href="#[b4]">DispMenuParaUp</a> from menupara.o(i.DispMenuParaUp) referenced from menufsm.o(.constdata)
 <LI><a href="#[154]">DispMenuRowNumberSetDown</a> from setdevice.o(i.DispMenuRowNumberSetDown) referenced from menufsm.o(.constdata)
 <LI><a href="#[158]">DispMenuRowNumberSetEscDown</a> from setdevice.o(i.DispMenuRowNumberSetEscDown) referenced from menufsm.o(.constdata)
 <LI><a href="#[159]">DispMenuRowNumberSetEscOk</a> from setdevice.o(i.DispMenuRowNumberSetEscOk) referenced from menufsm.o(.constdata)
 <LI><a href="#[157]">DispMenuRowNumberSetEscUp</a> from setdevice.o(i.DispMenuRowNumberSetEscUp) referenced from menufsm.o(.constdata)
 <LI><a href="#[152]">DispMenuRowNumberSetInit</a> from setdevice.o(i.DispMenuRowNumberSetInit) referenced from menufsm.o(.constdata)
 <LI><a href="#[155]">DispMenuRowNumberSetLeft</a> from setdevice.o(i.DispMenuRowNumberSetLeft) referenced from menufsm.o(.constdata)
 <LI><a href="#[156]">DispMenuRowNumberSetRight</a> from setdevice.o(i.DispMenuRowNumberSetRight) referenced from menufsm.o(.constdata)
 <LI><a href="#[153]">DispMenuRowNumberSetUp</a> from setdevice.o(i.DispMenuRowNumberSetUp) referenced from menufsm.o(.constdata)
 <LI><a href="#[15c]">DispMenuRowsDeviceNumberSetDown</a> from setdevice.o(i.DispMenuRowsDeviceNumberSetDown) referenced from menufsm.o(.constdata)
 <LI><a href="#[160]">DispMenuRowsDeviceNumberSetEscDown</a> from setdevice.o(i.DispMenuRowsDeviceNumberSetEscDown) referenced from menufsm.o(.constdata)
 <LI><a href="#[161]">DispMenuRowsDeviceNumberSetEscOk</a> from setdevice.o(i.DispMenuRowsDeviceNumberSetEscOk) referenced from menufsm.o(.constdata)
 <LI><a href="#[15f]">DispMenuRowsDeviceNumberSetEscUp</a> from setdevice.o(i.DispMenuRowsDeviceNumberSetEscUp) referenced from menufsm.o(.constdata)
 <LI><a href="#[15a]">DispMenuRowsDeviceNumberSetInit</a> from setdevice.o(i.DispMenuRowsDeviceNumberSetInit) referenced from menufsm.o(.constdata)
 <LI><a href="#[15d]">DispMenuRowsDeviceNumberSetLeft</a> from setdevice.o(i.DispMenuRowsDeviceNumberSetLeft) referenced from menufsm.o(.constdata)
 <LI><a href="#[15e]">DispMenuRowsDeviceNumberSetRight</a> from setdevice.o(i.DispMenuRowsDeviceNumberSetRight) referenced from menufsm.o(.constdata)
 <LI><a href="#[15b]">DispMenuRowsDeviceNumberSetUp</a> from setdevice.o(i.DispMenuRowsDeviceNumberSetUp) referenced from menufsm.o(.constdata)
 <LI><a href="#[1bc]">DispMenuSayModeSelectDown</a> from setdevice.o(i.DispMenuSayModeSelectDown) referenced from menufsm.o(.constdata)
 <LI><a href="#[1c0]">DispMenuSayModeSelectEscDown</a> from setdevice.o(i.DispMenuSayModeSelectEscDown) referenced from menufsm.o(.constdata)
 <LI><a href="#[1c1]">DispMenuSayModeSelectEscOk</a> from setdevice.o(i.DispMenuSayModeSelectEscOk) referenced from menufsm.o(.constdata)
 <LI><a href="#[1bf]">DispMenuSayModeSelectEscUp</a> from setdevice.o(i.DispMenuSayModeSelectEscUp) referenced from menufsm.o(.constdata)
 <LI><a href="#[1ba]">DispMenuSayModeSelectInit</a> from setdevice.o(i.DispMenuSayModeSelectInit) referenced from menufsm.o(.constdata)
 <LI><a href="#[1bd]">DispMenuSayModeSelectLeft</a> from setdevice.o(i.DispMenuSayModeSelectLeft) referenced from menufsm.o(.constdata)
 <LI><a href="#[1be]">DispMenuSayModeSelectRight</a> from setdevice.o(i.DispMenuSayModeSelectRight) referenced from menufsm.o(.constdata)
 <LI><a href="#[1bb]">DispMenuSayModeSelectUp</a> from setdevice.o(i.DispMenuSayModeSelectUp) referenced from menufsm.o(.constdata)
 <LI><a href="#[1c4]">DispMenuSayModeSetDown</a> from setdevice.o(i.DispMenuSayModeSetDown) referenced from menufsm.o(.constdata)
 <LI><a href="#[1c8]">DispMenuSayModeSetEscDown</a> from setdevice.o(i.DispMenuSayModeSetEscDown) referenced from menufsm.o(.constdata)
 <LI><a href="#[1c9]">DispMenuSayModeSetEscOk</a> from setdevice.o(i.DispMenuSayModeSetEscOk) referenced from menufsm.o(.constdata)
 <LI><a href="#[1c7]">DispMenuSayModeSetEscUp</a> from setdevice.o(i.DispMenuSayModeSetEscUp) referenced from menufsm.o(.constdata)
 <LI><a href="#[1c2]">DispMenuSayModeSetInit</a> from setdevice.o(i.DispMenuSayModeSetInit) referenced from menufsm.o(.constdata)
 <LI><a href="#[1c5]">DispMenuSayModeSetLeft</a> from setdevice.o(i.DispMenuSayModeSetLeft) referenced from menufsm.o(.constdata)
 <LI><a href="#[1c6]">DispMenuSayModeSetRight</a> from setdevice.o(i.DispMenuSayModeSetRight) referenced from menufsm.o(.constdata)
 <LI><a href="#[1c3]">DispMenuSayModeSetUp</a> from setdevice.o(i.DispMenuSayModeSetUp) referenced from menufsm.o(.constdata)
 <LI><a href="#[1a4]">DispMenuSetBeepRowNumDown</a> from setdevice.o(i.DispMenuSetBeepRowNumDown) referenced from menufsm.o(.constdata)
 <LI><a href="#[1a8]">DispMenuSetBeepRowNumEscDown</a> from setdevice.o(i.DispMenuSetBeepRowNumEscDown) referenced from menufsm.o(.constdata)
 <LI><a href="#[1a9]">DispMenuSetBeepRowNumEscOk</a> from setdevice.o(i.DispMenuSetBeepRowNumEscOk) referenced from menufsm.o(.constdata)
 <LI><a href="#[1a7]">DispMenuSetBeepRowNumEscUp</a> from setdevice.o(i.DispMenuSetBeepRowNumEscUp) referenced from menufsm.o(.constdata)
 <LI><a href="#[1a2]">DispMenuSetBeepRowNumInit</a> from setdevice.o(i.DispMenuSetBeepRowNumInit) referenced from menufsm.o(.constdata)
 <LI><a href="#[1a5]">DispMenuSetBeepRowNumLeft</a> from setdevice.o(i.DispMenuSetBeepRowNumLeft) referenced from menufsm.o(.constdata)
 <LI><a href="#[1a6]">DispMenuSetBeepRowNumRight</a> from setdevice.o(i.DispMenuSetBeepRowNumRight) referenced from menufsm.o(.constdata)
 <LI><a href="#[1a3]">DispMenuSetBeepRowNumUp</a> from setdevice.o(i.DispMenuSetBeepRowNumUp) referenced from menufsm.o(.constdata)
 <LI><a href="#[c4]">DispMenuSetDeviceAddressDown</a> from setdevice.o(i.DispMenuSetDeviceAddressDown) referenced from menufsm.o(.constdata)
 <LI><a href="#[c8]">DispMenuSetDeviceAddressEscDown</a> from setdevice.o(i.DispMenuSetDeviceAddressEscDown) referenced from menufsm.o(.constdata)
 <LI><a href="#[c9]">DispMenuSetDeviceAddressEscOk</a> from setdevice.o(i.DispMenuSetDeviceAddressEscOk) referenced from menufsm.o(.constdata)
 <LI><a href="#[c7]">DispMenuSetDeviceAddressEscUp</a> from setdevice.o(i.DispMenuSetDeviceAddressEscUp) referenced from menufsm.o(.constdata)
 <LI><a href="#[c2]">DispMenuSetDeviceAddressInit</a> from setdevice.o(i.DispMenuSetDeviceAddressInit) referenced from menufsm.o(.constdata)
 <LI><a href="#[c5]">DispMenuSetDeviceAddressLeft</a> from setdevice.o(i.DispMenuSetDeviceAddressLeft) referenced from menufsm.o(.constdata)
 <LI><a href="#[c6]">DispMenuSetDeviceAddressRight</a> from setdevice.o(i.DispMenuSetDeviceAddressRight) referenced from menufsm.o(.constdata)
 <LI><a href="#[c3]">DispMenuSetDeviceAddressUp</a> from setdevice.o(i.DispMenuSetDeviceAddressUp) referenced from menufsm.o(.constdata)
 <LI><a href="#[cc]">DispMenuSetDeviceTotalDown</a> from setdevice.o(i.DispMenuSetDeviceTotalDown) referenced from menufsm.o(.constdata)
 <LI><a href="#[d0]">DispMenuSetDeviceTotalEscDown</a> from setdevice.o(i.DispMenuSetDeviceTotalEscDown) referenced from menufsm.o(.constdata)
 <LI><a href="#[d1]">DispMenuSetDeviceTotalEscOk</a> from setdevice.o(i.DispMenuSetDeviceTotalEscOk) referenced from menufsm.o(.constdata)
 <LI><a href="#[cf]">DispMenuSetDeviceTotalEscUp</a> from setdevice.o(i.DispMenuSetDeviceTotalEscUp) referenced from menufsm.o(.constdata)
 <LI><a href="#[ca]">DispMenuSetDeviceTotalInit</a> from setdevice.o(i.DispMenuSetDeviceTotalInit) referenced from menufsm.o(.constdata)
 <LI><a href="#[cd]">DispMenuSetDeviceTotalLeft</a> from setdevice.o(i.DispMenuSetDeviceTotalLeft) referenced from menufsm.o(.constdata)
 <LI><a href="#[ce]">DispMenuSetDeviceTotalRight</a> from setdevice.o(i.DispMenuSetDeviceTotalRight) referenced from menufsm.o(.constdata)
 <LI><a href="#[cb]">DispMenuSetDeviceTotalUp</a> from setdevice.o(i.DispMenuSetDeviceTotalUp) referenced from menufsm.o(.constdata)
 <LI><a href="#[1ac]">DispMenuSetGamePassTimeDown</a> from setdevice.o(i.DispMenuSetGamePassTimeDown) referenced from menufsm.o(.constdata)
 <LI><a href="#[1b0]">DispMenuSetGamePassTimeEscDown</a> from setdevice.o(i.DispMenuSetGamePassTimeEscDown) referenced from menufsm.o(.constdata)
 <LI><a href="#[1b1]">DispMenuSetGamePassTimeEscOk</a> from setdevice.o(i.DispMenuSetGamePassTimeEscOk) referenced from menufsm.o(.constdata)
 <LI><a href="#[1af]">DispMenuSetGamePassTimeEscUp</a> from setdevice.o(i.DispMenuSetGamePassTimeEscUp) referenced from menufsm.o(.constdata)
 <LI><a href="#[1aa]">DispMenuSetGamePassTimeInit</a> from setdevice.o(i.DispMenuSetGamePassTimeInit) referenced from menufsm.o(.constdata)
 <LI><a href="#[1ad]">DispMenuSetGamePassTimeLeft</a> from setdevice.o(i.DispMenuSetGamePassTimeLeft) referenced from menufsm.o(.constdata)
 <LI><a href="#[1ae]">DispMenuSetGamePassTimeRight</a> from setdevice.o(i.DispMenuSetGamePassTimeRight) referenced from menufsm.o(.constdata)
 <LI><a href="#[1ab]">DispMenuSetGamePassTimeUp</a> from setdevice.o(i.DispMenuSetGamePassTimeUp) referenced from menufsm.o(.constdata)
 <LI><a href="#[f4]">DispMenuSetLightsDelayTimeDown</a> from setdevice.o(i.DispMenuSetLightsDelayTimeDown) referenced from menufsm.o(.constdata)
 <LI><a href="#[f8]">DispMenuSetLightsDelayTimeEscDown</a> from setdevice.o(i.DispMenuSetLightsDelayTimeEscDown) referenced from menufsm.o(.constdata)
 <LI><a href="#[f9]">DispMenuSetLightsDelayTimeEscOk</a> from setdevice.o(i.DispMenuSetLightsDelayTimeEscOk) referenced from menufsm.o(.constdata)
 <LI><a href="#[f7]">DispMenuSetLightsDelayTimeEscUp</a> from setdevice.o(i.DispMenuSetLightsDelayTimeEscUp) referenced from menufsm.o(.constdata)
 <LI><a href="#[f2]">DispMenuSetLightsDelayTimeInit</a> from setdevice.o(i.DispMenuSetLightsDelayTimeInit) referenced from menufsm.o(.constdata)
 <LI><a href="#[f5]">DispMenuSetLightsDelayTimeLeft</a> from setdevice.o(i.DispMenuSetLightsDelayTimeLeft) referenced from menufsm.o(.constdata)
 <LI><a href="#[f6]">DispMenuSetLightsDelayTimeRight</a> from setdevice.o(i.DispMenuSetLightsDelayTimeRight) referenced from menufsm.o(.constdata)
 <LI><a href="#[f3]">DispMenuSetLightsDelayTimeUp</a> from setdevice.o(i.DispMenuSetLightsDelayTimeUp) referenced from menufsm.o(.constdata)
 <LI><a href="#[ec]">DispMenuSetMusicDelayTimeDown</a> from setdevice.o(i.DispMenuSetMusicDelayTimeDown) referenced from menufsm.o(.constdata)
 <LI><a href="#[f0]">DispMenuSetMusicDelayTimeEscDown</a> from setdevice.o(i.DispMenuSetMusicDelayTimeEscDown) referenced from menufsm.o(.constdata)
 <LI><a href="#[f1]">DispMenuSetMusicDelayTimeEscOk</a> from setdevice.o(i.DispMenuSetMusicDelayTimeEscOk) referenced from menufsm.o(.constdata)
 <LI><a href="#[ef]">DispMenuSetMusicDelayTimeEscUp</a> from setdevice.o(i.DispMenuSetMusicDelayTimeEscUp) referenced from menufsm.o(.constdata)
 <LI><a href="#[ea]">DispMenuSetMusicDelayTimeInit</a> from setdevice.o(i.DispMenuSetMusicDelayTimeInit) referenced from menufsm.o(.constdata)
 <LI><a href="#[ed]">DispMenuSetMusicDelayTimeLeft</a> from setdevice.o(i.DispMenuSetMusicDelayTimeLeft) referenced from menufsm.o(.constdata)
 <LI><a href="#[ee]">DispMenuSetMusicDelayTimeRight</a> from setdevice.o(i.DispMenuSetMusicDelayTimeRight) referenced from menufsm.o(.constdata)
 <LI><a href="#[eb]">DispMenuSetMusicDelayTimeUp</a> from setdevice.o(i.DispMenuSetMusicDelayTimeUp) referenced from menufsm.o(.constdata)
 <LI><a href="#[11c]">DispMenuSetNoteDelayTimeDown</a> from setdevice.o(i.DispMenuSetNoteDelayTimeDown) referenced from menufsm.o(.constdata)
 <LI><a href="#[120]">DispMenuSetNoteDelayTimeEscDown</a> from setdevice.o(i.DispMenuSetNoteDelayTimeEscDown) referenced from menufsm.o(.constdata)
 <LI><a href="#[121]">DispMenuSetNoteDelayTimeEscOk</a> from setdevice.o(i.DispMenuSetNoteDelayTimeEscOk) referenced from menufsm.o(.constdata)
 <LI><a href="#[11f]">DispMenuSetNoteDelayTimeEscUp</a> from setdevice.o(i.DispMenuSetNoteDelayTimeEscUp) referenced from menufsm.o(.constdata)
 <LI><a href="#[11a]">DispMenuSetNoteDelayTimeInit</a> from setdevice.o(i.DispMenuSetNoteDelayTimeInit) referenced from menufsm.o(.constdata)
 <LI><a href="#[11d]">DispMenuSetNoteDelayTimeLeft</a> from setdevice.o(i.DispMenuSetNoteDelayTimeLeft) referenced from menufsm.o(.constdata)
 <LI><a href="#[11e]">DispMenuSetNoteDelayTimeRight</a> from setdevice.o(i.DispMenuSetNoteDelayTimeRight) referenced from menufsm.o(.constdata)
 <LI><a href="#[11b]">DispMenuSetNoteDelayTimeUp</a> from setdevice.o(i.DispMenuSetNoteDelayTimeUp) referenced from menufsm.o(.constdata)
 <LI><a href="#[1dc]">DispMenuSetReturnTopTimeDown</a> from setdevice.o(i.DispMenuSetReturnTopTimeDown) referenced from menufsm.o(.constdata)
 <LI><a href="#[1e0]">DispMenuSetReturnTopTimeEscDown</a> from setdevice.o(i.DispMenuSetReturnTopTimeEscDown) referenced from menufsm.o(.constdata)
 <LI><a href="#[1e1]">DispMenuSetReturnTopTimeEscOk</a> from setdevice.o(i.DispMenuSetReturnTopTimeEscOk) referenced from menufsm.o(.constdata)
 <LI><a href="#[1df]">DispMenuSetReturnTopTimeEscUp</a> from setdevice.o(i.DispMenuSetReturnTopTimeEscUp) referenced from menufsm.o(.constdata)
 <LI><a href="#[1da]">DispMenuSetReturnTopTimeInit</a> from setdevice.o(i.DispMenuSetReturnTopTimeInit) referenced from menufsm.o(.constdata)
 <LI><a href="#[1dd]">DispMenuSetReturnTopTimeLeft</a> from setdevice.o(i.DispMenuSetReturnTopTimeLeft) referenced from menufsm.o(.constdata)
 <LI><a href="#[1de]">DispMenuSetReturnTopTimeRight</a> from setdevice.o(i.DispMenuSetReturnTopTimeRight) referenced from menufsm.o(.constdata)
 <LI><a href="#[1db]">DispMenuSetReturnTopTimeUp</a> from setdevice.o(i.DispMenuSetReturnTopTimeUp) referenced from menufsm.o(.constdata)
 <LI><a href="#[114]">DispMenuSetSyllableDelayTimeDown</a> from setdevice.o(i.DispMenuSetSyllableDelayTimeDown) referenced from menufsm.o(.constdata)
 <LI><a href="#[118]">DispMenuSetSyllableDelayTimeEscDown</a> from setdevice.o(i.DispMenuSetSyllableDelayTimeEscDown) referenced from menufsm.o(.constdata)
 <LI><a href="#[119]">DispMenuSetSyllableDelayTimeEscOk</a> from setdevice.o(i.DispMenuSetSyllableDelayTimeEscOk) referenced from menufsm.o(.constdata)
 <LI><a href="#[117]">DispMenuSetSyllableDelayTimeEscUp</a> from setdevice.o(i.DispMenuSetSyllableDelayTimeEscUp) referenced from menufsm.o(.constdata)
 <LI><a href="#[112]">DispMenuSetSyllableDelayTimeInit</a> from setdevice.o(i.DispMenuSetSyllableDelayTimeInit) referenced from menufsm.o(.constdata)
 <LI><a href="#[115]">DispMenuSetSyllableDelayTimeLeft</a> from setdevice.o(i.DispMenuSetSyllableDelayTimeLeft) referenced from menufsm.o(.constdata)
 <LI><a href="#[116]">DispMenuSetSyllableDelayTimeRight</a> from setdevice.o(i.DispMenuSetSyllableDelayTimeRight) referenced from menufsm.o(.constdata)
 <LI><a href="#[113]">DispMenuSetSyllableDelayTimeUp</a> from setdevice.o(i.DispMenuSetSyllableDelayTimeUp) referenced from menufsm.o(.constdata)
 <LI><a href="#[fc]">DispMenuSetTrampleCountTimeDown</a> from setdevice.o(i.DispMenuSetTrampleCountTimeDown) referenced from menufsm.o(.constdata)
 <LI><a href="#[100]">DispMenuSetTrampleCountTimeEscDown</a> from setdevice.o(i.DispMenuSetTrampleCountTimeEscDown) referenced from menufsm.o(.constdata)
 <LI><a href="#[101]">DispMenuSetTrampleCountTimeEscOk</a> from setdevice.o(i.DispMenuSetTrampleCountTimeEscOk) referenced from menufsm.o(.constdata)
 <LI><a href="#[ff]">DispMenuSetTrampleCountTimeEscUp</a> from setdevice.o(i.DispMenuSetTrampleCountTimeEscUp) referenced from menufsm.o(.constdata)
 <LI><a href="#[fa]">DispMenuSetTrampleCountTimeInit</a> from setdevice.o(i.DispMenuSetTrampleCountTimeInit) referenced from menufsm.o(.constdata)
 <LI><a href="#[fd]">DispMenuSetTrampleCountTimeLeft</a> from setdevice.o(i.DispMenuSetTrampleCountTimeLeft) referenced from menufsm.o(.constdata)
 <LI><a href="#[fe]">DispMenuSetTrampleCountTimeRight</a> from setdevice.o(i.DispMenuSetTrampleCountTimeRight) referenced from menufsm.o(.constdata)
 <LI><a href="#[fb]">DispMenuSetTrampleCountTimeUp</a> from setdevice.o(i.DispMenuSetTrampleCountTimeUp) referenced from menufsm.o(.constdata)
 <LI><a href="#[104]">DispMenuSetTrampleDelayTimeDown</a> from setdevice.o(i.DispMenuSetTrampleDelayTimeDown) referenced from menufsm.o(.constdata)
 <LI><a href="#[108]">DispMenuSetTrampleDelayTimeEscDown</a> from setdevice.o(i.DispMenuSetTrampleDelayTimeEscDown) referenced from menufsm.o(.constdata)
 <LI><a href="#[109]">DispMenuSetTrampleDelayTimeEscOk</a> from setdevice.o(i.DispMenuSetTrampleDelayTimeEscOk) referenced from menufsm.o(.constdata)
 <LI><a href="#[107]">DispMenuSetTrampleDelayTimeEscUp</a> from setdevice.o(i.DispMenuSetTrampleDelayTimeEscUp) referenced from menufsm.o(.constdata)
 <LI><a href="#[102]">DispMenuSetTrampleDelayTimeInit</a> from setdevice.o(i.DispMenuSetTrampleDelayTimeInit) referenced from menufsm.o(.constdata)
 <LI><a href="#[105]">DispMenuSetTrampleDelayTimeLeft</a> from setdevice.o(i.DispMenuSetTrampleDelayTimeLeft) referenced from menufsm.o(.constdata)
 <LI><a href="#[106]">DispMenuSetTrampleDelayTimeRight</a> from setdevice.o(i.DispMenuSetTrampleDelayTimeRight) referenced from menufsm.o(.constdata)
 <LI><a href="#[103]">DispMenuSetTrampleDelayTimeUp</a> from setdevice.o(i.DispMenuSetTrampleDelayTimeUp) referenced from menufsm.o(.constdata)
 <LI><a href="#[10c]">DispMenuSetTrampleNumberDown</a> from setdevice.o(i.DispMenuSetTrampleNumberDown) referenced from menufsm.o(.constdata)
 <LI><a href="#[110]">DispMenuSetTrampleNumberEscDown</a> from setdevice.o(i.DispMenuSetTrampleNumberEscDown) referenced from menufsm.o(.constdata)
 <LI><a href="#[111]">DispMenuSetTrampleNumberEscOk</a> from setdevice.o(i.DispMenuSetTrampleNumberEscOk) referenced from menufsm.o(.constdata)
 <LI><a href="#[10f]">DispMenuSetTrampleNumberEscUp</a> from setdevice.o(i.DispMenuSetTrampleNumberEscUp) referenced from menufsm.o(.constdata)
 <LI><a href="#[10a]">DispMenuSetTrampleNumberInit</a> from setdevice.o(i.DispMenuSetTrampleNumberInit) referenced from menufsm.o(.constdata)
 <LI><a href="#[10d]">DispMenuSetTrampleNumberLeft</a> from setdevice.o(i.DispMenuSetTrampleNumberLeft) referenced from menufsm.o(.constdata)
 <LI><a href="#[10e]">DispMenuSetTrampleNumberRight</a> from setdevice.o(i.DispMenuSetTrampleNumberRight) referenced from menufsm.o(.constdata)
 <LI><a href="#[10b]">DispMenuSetTrampleNumberUp</a> from setdevice.o(i.DispMenuSetTrampleNumberUp) referenced from menufsm.o(.constdata)
 <LI><a href="#[244]">DispMenuT1000_OnOffDown</a> from setdevice.o(i.DispMenuT1000_OnOffDown) referenced from menufsm.o(.constdata)
 <LI><a href="#[248]">DispMenuT1000_OnOffEscDown</a> from setdevice.o(i.DispMenuT1000_OnOffEscDown) referenced from menufsm.o(.constdata)
 <LI><a href="#[249]">DispMenuT1000_OnOffEscOk</a> from setdevice.o(i.DispMenuT1000_OnOffEscOk) referenced from menufsm.o(.constdata)
 <LI><a href="#[247]">DispMenuT1000_OnOffEscUp</a> from setdevice.o(i.DispMenuT1000_OnOffEscUp) referenced from menufsm.o(.constdata)
 <LI><a href="#[242]">DispMenuT1000_OnOffInit</a> from setdevice.o(i.DispMenuT1000_OnOffInit) referenced from menufsm.o(.constdata)
 <LI><a href="#[245]">DispMenuT1000_OnOffLeft</a> from setdevice.o(i.DispMenuT1000_OnOffLeft) referenced from menufsm.o(.constdata)
 <LI><a href="#[246]">DispMenuT1000_OnOffRight</a> from setdevice.o(i.DispMenuT1000_OnOffRight) referenced from menufsm.o(.constdata)
 <LI><a href="#[243]">DispMenuT1000_OnOffUp</a> from setdevice.o(i.DispMenuT1000_OnOffUp) referenced from menufsm.o(.constdata)
 <LI><a href="#[254]">DispMenuT1000_TimerDown</a> from setdevice.o(i.DispMenuT1000_TimerDown) referenced from menufsm.o(.constdata)
 <LI><a href="#[258]">DispMenuT1000_TimerEscDown</a> from setdevice.o(i.DispMenuT1000_TimerEscDown) referenced from menufsm.o(.constdata)
 <LI><a href="#[259]">DispMenuT1000_TimerEscOk</a> from setdevice.o(i.DispMenuT1000_TimerEscOk) referenced from menufsm.o(.constdata)
 <LI><a href="#[257]">DispMenuT1000_TimerEscUp</a> from setdevice.o(i.DispMenuT1000_TimerEscUp) referenced from menufsm.o(.constdata)
 <LI><a href="#[252]">DispMenuT1000_TimerInit</a> from setdevice.o(i.DispMenuT1000_TimerInit) referenced from menufsm.o(.constdata)
 <LI><a href="#[255]">DispMenuT1000_TimerLeft</a> from setdevice.o(i.DispMenuT1000_TimerLeft) referenced from menufsm.o(.constdata)
 <LI><a href="#[256]">DispMenuT1000_TimerRight</a> from setdevice.o(i.DispMenuT1000_TimerRight) referenced from menufsm.o(.constdata)
 <LI><a href="#[253]">DispMenuT1000_TimerUp</a> from setdevice.o(i.DispMenuT1000_TimerUp) referenced from menufsm.o(.constdata)
 <LI><a href="#[16c]">DispMenuTimeSetDown</a> from setdevice.o(i.DispMenuTimeSetDown) referenced from menufsm.o(.constdata)
 <LI><a href="#[170]">DispMenuTimeSetEscDown</a> from setdevice.o(i.DispMenuTimeSetEscDown) referenced from menufsm.o(.constdata)
 <LI><a href="#[171]">DispMenuTimeSetEscOk</a> from setdevice.o(i.DispMenuTimeSetEscOk) referenced from menufsm.o(.constdata)
 <LI><a href="#[16f]">DispMenuTimeSetEscUp</a> from setdevice.o(i.DispMenuTimeSetEscUp) referenced from menufsm.o(.constdata)
 <LI><a href="#[16a]">DispMenuTimeSetInit</a> from setdevice.o(i.DispMenuTimeSetInit) referenced from menufsm.o(.constdata)
 <LI><a href="#[16d]">DispMenuTimeSetLeft</a> from setdevice.o(i.DispMenuTimeSetLeft) referenced from menufsm.o(.constdata)
 <LI><a href="#[16e]">DispMenuTimeSetRight</a> from setdevice.o(i.DispMenuTimeSetRight) referenced from menufsm.o(.constdata)
 <LI><a href="#[16b]">DispMenuTimeSetUp</a> from setdevice.o(i.DispMenuTimeSetUp) referenced from menufsm.o(.constdata)
 <LI><a href="#[a1]">DispMenuTop</a> from menutop.o(i.DispMenuTop) referenced from menufsm.o(.constdata)
 <LI><a href="#[a3]">DispMenuTopDown</a> from menutop.o(i.DispMenuTopDown) referenced from menufsm.o(.constdata)
 <LI><a href="#[a7]">DispMenuTopEscDown</a> from menutop.o(i.DispMenuTopEscDown) referenced 5 times from menufsm.o(.constdata)
 <LI><a href="#[a8]">DispMenuTopEscOk</a> from menutop.o(i.DispMenuTopEscOk) referenced 5 times from menufsm.o(.constdata)
 <LI><a href="#[a6]">DispMenuTopEscUp</a> from menutop.o(i.DispMenuTopEscUp) referenced 5 times from menufsm.o(.constdata)
 <LI><a href="#[a4]">DispMenuTopLeft</a> from menutop.o(i.DispMenuTopLeft) referenced from menufsm.o(.constdata)
 <LI><a href="#[a5]">DispMenuTopRight</a> from menutop.o(i.DispMenuTopRight) referenced from menufsm.o(.constdata)
 <LI><a href="#[a2]">DispMenuTopUp</a> from menutop.o(i.DispMenuTopUp) referenced from menufsm.o(.constdata)
 <LI><a href="#[1b4]">DispMenuVoicePromptTimeDown</a> from setdevice.o(i.DispMenuVoicePromptTimeDown) referenced from menufsm.o(.constdata)
 <LI><a href="#[1b8]">DispMenuVoicePromptTimeEscDown</a> from setdevice.o(i.DispMenuVoicePromptTimeEscDown) referenced from menufsm.o(.constdata)
 <LI><a href="#[1b9]">DispMenuVoicePromptTimeEscOk</a> from setdevice.o(i.DispMenuVoicePromptTimeEscOk) referenced from menufsm.o(.constdata)
 <LI><a href="#[1b7]">DispMenuVoicePromptTimeEscUp</a> from setdevice.o(i.DispMenuVoicePromptTimeEscUp) referenced from menufsm.o(.constdata)
 <LI><a href="#[1b2]">DispMenuVoicePromptTimeInit</a> from setdevice.o(i.DispMenuVoicePromptTimeInit) referenced from menufsm.o(.constdata)
 <LI><a href="#[1b5]">DispMenuVoicePromptTimeLeft</a> from setdevice.o(i.DispMenuVoicePromptTimeLeft) referenced from menufsm.o(.constdata)
 <LI><a href="#[1b6]">DispMenuVoicePromptTimeRight</a> from setdevice.o(i.DispMenuVoicePromptTimeRight) referenced from menufsm.o(.constdata)
 <LI><a href="#[1b3]">DispMenuVoicePromptTimeUp</a> from setdevice.o(i.DispMenuVoicePromptTimeUp) referenced from menufsm.o(.constdata)
 <LI><a href="#[24]">EXTI0_IRQHandler</a> from startup_stm32f205xx.o(.text) referenced from startup_stm32f205xx.o(RESET)
 <LI><a href="#[46]">EXTI15_10_IRQHandler</a> from startup_stm32f205xx.o(.text) referenced from startup_stm32f205xx.o(RESET)
 <LI><a href="#[25]">EXTI1_IRQHandler</a> from startup_stm32f205xx.o(.text) referenced from startup_stm32f205xx.o(RESET)
 <LI><a href="#[26]">EXTI2_IRQHandler</a> from startup_stm32f205xx.o(.text) referenced from startup_stm32f205xx.o(RESET)
 <LI><a href="#[27]">EXTI3_IRQHandler</a> from startup_stm32f205xx.o(.text) referenced from startup_stm32f205xx.o(RESET)
 <LI><a href="#[28]">EXTI4_IRQHandler</a> from startup_stm32f205xx.o(.text) referenced from startup_stm32f205xx.o(RESET)
 <LI><a href="#[35]">EXTI9_5_IRQHandler</a> from startup_stm32f205xx.o(.text) referenced from startup_stm32f205xx.o(RESET)
 <LI><a href="#[22]">FLASH_IRQHandler</a> from startup_stm32f205xx.o(.text) referenced from startup_stm32f205xx.o(RESET)
 <LI><a href="#[4e]">FSMC_IRQHandler</a> from startup_stm32f205xx.o(.text) referenced from startup_stm32f205xx.o(RESET)
 <LI><a href="#[92]">GuardTimeAlarm</a> from lifegrd.o(i.GuardTimeAlarm) referenced from lifegrd.o(i.nodeguardInit)
 <LI><a href="#[6a]">HASH_RNG_IRQHandler</a> from startup_stm32f205xx.o(.text) referenced from startup_stm32f205xx.o(RESET)
 <LI><a href="#[16]">HardFault_Handler</a> from stm32f2xx_it.o(i.HardFault_Handler) referenced from startup_stm32f205xx.o(RESET)
 <LI><a href="#[3e]">I2C1_ER_IRQHandler</a> from startup_stm32f205xx.o(.text) referenced from startup_stm32f205xx.o(RESET)
 <LI><a href="#[3d]">I2C1_EV_IRQHandler</a> from startup_stm32f205xx.o(.text) referenced from startup_stm32f205xx.o(RESET)
 <LI><a href="#[40]">I2C2_ER_IRQHandler</a> from startup_stm32f205xx.o(.text) referenced from startup_stm32f205xx.o(RESET)
 <LI><a href="#[3f]">I2C2_EV_IRQHandler</a> from startup_stm32f205xx.o(.text) referenced from startup_stm32f205xx.o(RESET)
 <LI><a href="#[65]">I2C3_ER_IRQHandler</a> from startup_stm32f205xx.o(.text) referenced from startup_stm32f205xx.o(RESET)
 <LI><a href="#[64]">I2C3_EV_IRQHandler</a> from startup_stm32f205xx.o(.text) referenced from startup_stm32f205xx.o(RESET)
 <LI><a href="#[6f]">Master_heartbeatError</a> from canopenobjdictconfig.o(i.Master_heartbeatError) referenced from canopenobjdictconfig.o(i.CANOpenMasterInit)
 <LI><a href="#[70]">Master_initialisation</a> from canopenobjdictconfig.o(i.Master_initialisation) referenced from canopenobjdictconfig.o(i.CANOpenMasterInit)
 <LI><a href="#[72]">Master_operational</a> from canopenobjdictconfig.o(i.Master_operational) referenced from canopenobjdictconfig.o(i.CANOpenMasterInit)
 <LI><a href="#[77]">Master_post_SlaveBootup</a> from canopenobjdictconfig.o(i.Master_post_SlaveBootup) referenced from canopenobjdictconfig.o(i.CANOpenMasterInit)
 <LI><a href="#[78]">Master_post_SlaveStateChange</a> from canopenobjdictconfig.o(i.Master_post_SlaveStateChange) referenced from canopenobjdictconfig.o(i.CANOpenMasterInit)
 <LI><a href="#[75]">Master_post_TPDO</a> from canopenobjdictconfig.o(i.Master_post_TPDO) referenced from canopenobjdictconfig.o(i.CANOpenMasterInit)
 <LI><a href="#[76]">Master_post_emcy</a> from canopenobjdictconfig.o(i.Master_post_emcy) referenced from canopenobjdictconfig.o(i.CANOpenMasterInit)
 <LI><a href="#[74]">Master_post_sync</a> from canopenobjdictconfig.o(i.Master_post_sync) referenced from canopenobjdictconfig.o(i.CANOpenMasterInit)
 <LI><a href="#[71]">Master_preOperational</a> from canopenobjdictconfig.o(i.Master_preOperational) referenced from canopenobjdictconfig.o(i.CANOpenMasterInit)
 <LI><a href="#[73]">Master_stopped</a> from canopenobjdictconfig.o(i.Master_stopped) referenced from canopenobjdictconfig.o(i.CANOpenMasterInit)
 <LI><a href="#[17]">MemManage_Handler</a> from stm32f2xx_it.o(i.MemManage_Handler) referenced from startup_stm32f205xx.o(RESET)
 <LI><a href="#[88]">MyTimr1Callback</a> from app.o(i.MyTimr1Callback) referenced from app.o(i.Task_Start)
 <LI><a href="#[8b]">MyTimr2Callback</a> from app.o(i.MyTimr2Callback) referenced from game1.o(i.game1)
 <LI><a href="#[15]">NMI_Handler</a> from stm32f2xx_it.o(i.NMI_Handler) referenced from startup_stm32f205xx.o(RESET)
 <LI><a href="#[6e]">OSTaskSwHook</a> from os_cpu_c.o(i.OSTaskSwHook) referenced from os_cpu_a.o(.text)
 <LI><a href="#[7d]">OSTmr_Task</a> from os_tmr.o(i.OSTmr_Task) referenced from os_tmr.o(i.OSTmr_Init)
 <LI><a href="#[1c]">OS_CPU_PendSVHandler</a> from os_cpu_a.o(.text) referenced from startup_stm32f205xx.o(RESET)
 <LI><a href="#[7b]">OS_TaskIdle</a> from os_core.o(i.OS_TaskIdle) referenced from os_core.o(i.OSInit)
 <LI><a href="#[7c]">OS_TaskStat</a> from os_core.o(i.OS_TaskStat) referenced from os_core.o(i.OSInit)
 <LI><a href="#[5f]">OTG_FS_IRQHandler</a> from stm32f2xx_it.o(i.OTG_FS_IRQHandler) referenced from startup_stm32f205xx.o(RESET)
 <LI><a href="#[48]">OTG_FS_WKUP_IRQHandler</a> from startup_stm32f205xx.o(.text) referenced from startup_stm32f205xx.o(RESET)
 <LI><a href="#[67]">OTG_HS_EP1_IN_IRQHandler</a> from startup_stm32f205xx.o(.text) referenced from startup_stm32f205xx.o(RESET)
 <LI><a href="#[66]">OTG_HS_EP1_OUT_IRQHandler</a> from startup_stm32f205xx.o(.text) referenced from startup_stm32f205xx.o(RESET)
 <LI><a href="#[69]">OTG_HS_IRQHandler</a> from stm32f2xx_it.o(i.OTG_HS_IRQHandler) referenced from startup_stm32f205xx.o(RESET)
 <LI><a href="#[68]">OTG_HS_WKUP_IRQHandler</a> from startup_stm32f205xx.o(.text) referenced from startup_stm32f205xx.o(RESET)
 <LI><a href="#[11]">ObjDict_scanIndexOD</a> from objdict.o(i.ObjDict_scanIndexOD) referenced 2 times from objdict.o(.data)
 <LI><a href="#[6]">ObjDict_valueRangeTest</a> from objdict.o(i.ObjDict_valueRangeTest) referenced 2 times from objdict.o(.data)
 <LI><a href="#[95]">OnCOB_ID_SyncUpdate</a> from sync.o(i.OnCOB_ID_SyncUpdate) referenced from sync.o(i.startSYNC)
 <LI><a href="#[8c]">OnHeartbeatProducerUpdate</a> from lifegrd.o(i.OnHeartbeatProducerUpdate) referenced from lifegrd.o(i.heartbeatInit)
 <LI><a href="#[91]">OnNodeGuardUpdate</a> from lifegrd.o(i.OnNodeGuardUpdate) referenced from lifegrd.o(i.nodeguardInit)
 <LI><a href="#[8a]">OnNumberOfErrorsUpdate</a> from emcy.o(i.OnNumberOfErrorsUpdate) referenced from emcy.o(i.emergencyInit)
 <LI><a href="#[93]">PDOEventTimerAlarm</a> from pdo.o(i.PDOEventTimerAlarm) referenced from pdo.o(i.sendOnePDOevent)
 <LI><a href="#[94]">PDOInhibitTimerAlarm</a> from pdo.o(i.PDOInhibitTimerAlarm) referenced from pdo.o(i.sendOnePDOevent)
 <LI><a href="#[1f]">PVD_IRQHandler</a> from startup_stm32f205xx.o(.text) referenced from startup_stm32f205xx.o(RESET)
 <LI><a href="#[8e]">ProducerHeartbeatAlarm</a> from lifegrd.o(i.ProducerHeartbeatAlarm) referenced from lifegrd.o(i.heartbeatInit)
 <LI><a href="#[23]">RCC_IRQHandler</a> from startup_stm32f205xx.o(.text) referenced from startup_stm32f205xx.o(RESET)
 <LI><a href="#[47]">RTC_Alarm_IRQHandler</a> from startup_stm32f205xx.o(.text) referenced from startup_stm32f205xx.o(RESET)
 <LI><a href="#[21]">RTC_WKUP_IRQHandler</a> from startup_stm32f205xx.o(.text) referenced from startup_stm32f205xx.o(RESET)
 <LI><a href="#[14]">Reset_Handler</a> from startup_stm32f205xx.o(.text) referenced from startup_stm32f205xx.o(RESET)
 <LI><a href="#[4f]">SDIO_IRQHandler</a> from startup_stm32f205xx.o(.text) referenced from startup_stm32f205xx.o(RESET)
 <LI><a href="#[8f]">SDOTimeoutAlarm</a> from sdo.o(i.SDOTimeoutAlarm) referenced from sdo.o(i.initSDOline)
 <LI><a href="#[8f]">SDOTimeoutAlarm</a> from sdo.o(i.SDOTimeoutAlarm) referenced 4 times from sdo.o(i.proceedSDO)
 <LI><a href="#[9c]">SD_initialize</a> from sd_diskio.o(i.SD_initialize) referenced from sd_diskio.o(.constdata)
 <LI><a href="#[a0]">SD_ioctl</a> from sd_diskio.o(i.SD_ioctl) referenced from sd_diskio.o(.constdata)
 <LI><a href="#[9e]">SD_read</a> from sd_diskio.o(i.SD_read) referenced from sd_diskio.o(.constdata)
 <LI><a href="#[9d]">SD_status</a> from sd_diskio.o(i.SD_status) referenced from sd_diskio.o(.constdata)
 <LI><a href="#[9f]">SD_write</a> from sd_diskio.o(i.SD_write) referenced from sd_diskio.o(.constdata)
 <LI><a href="#[41]">SPI1_IRQHandler</a> from startup_stm32f205xx.o(.text) referenced from startup_stm32f205xx.o(RESET)
 <LI><a href="#[42]">SPI2_IRQHandler</a> from startup_stm32f205xx.o(.text) referenced from startup_stm32f205xx.o(RESET)
 <LI><a href="#[51]">SPI3_IRQHandler</a> from startup_stm32f205xx.o(.text) referenced from startup_stm32f205xx.o(RESET)
 <LI><a href="#[1a]">SVC_Handler</a> from stm32f2xx_it.o(i.SVC_Handler) referenced from startup_stm32f205xx.o(RESET)
 <LI><a href="#[96]">SyncAlarm</a> from sync.o(i.SyncAlarm) referenced from sync.o(i.startSYNC)
 <LI><a href="#[1d]">SysTick_Handler</a> from stm32f2xx_it.o(i.SysTick_Handler) referenced from startup_stm32f205xx.o(RESET)
 <LI><a href="#[6c]">SystemInit</a> from system_stm32f2xx.o(i.SystemInit) referenced from startup_stm32f205xx.o(.text)
 <LI><a href="#[20]">TAMP_STAMP_IRQHandler</a> from startup_stm32f205xx.o(.text) referenced from startup_stm32f205xx.o(RESET)
[...]
</UL>

<P><STRONG><a name="[4af]"></a>sync_fs</STRONG> (Thumb, 182 bytes, Stack size 16 bytes, ff.o(i.sync_fs))
<BR><BR>[Stack]<UL><LI>Max Depth = 48<LI>Call Chain = sync_fs &rArr; sync_window &rArr; disk_write
</UL>
<BR>[Calls]<UL><LI><a href="#[4a0]">&gt;&gt;</a>&nbsp;&nbsp;&nbsp;disk_write
<LI><a href="#[4c7]">&gt;&gt;</a>&nbsp;&nbsp;&nbsp;disk_ioctl
<LI><a href="#[495]">&gt;&gt;</a>&nbsp;&nbsp;&nbsp;sync_window
<LI><a href="#[48d]">&gt;&gt;</a>&nbsp;&nbsp;&nbsp;mem_set
</UL>
<BR>[Called By]<UL><LI><a href="#[49c]">&gt;&gt;</a>&nbsp;&nbsp;&nbsp;f_sync
</UL>

<P><STRONG><a name="[495]"></a>sync_window</STRONG> (Thumb, 96 bytes, Stack size 24 bytes, ff.o(i.sync_window))
<BR><BR>[Stack]<UL><LI>Max Depth = 32<LI>Call Chain = sync_window &rArr; disk_write
</UL>
<BR>[Calls]<UL><LI><a href="#[4a0]">&gt;&gt;</a>&nbsp;&nbsp;&nbsp;disk_write
</UL>
<BR>[Called By]<UL><LI><a href="#[4af]">&gt;&gt;</a>&nbsp;&nbsp;&nbsp;sync_fs
<LI><a href="#[486]">&gt;&gt;</a>&nbsp;&nbsp;&nbsp;move_window
<LI><a href="#[494]">&gt;&gt;</a>&nbsp;&nbsp;&nbsp;dir_next
</UL>

<P><STRONG><a name="[49d]"></a>validate</STRONG> (Thumb, 44 bytes, Stack size 8 bytes, ff.o(i.validate))
<BR><BR>[Stack]<UL><LI>Max Depth = 8<LI>Call Chain = validate
</UL>
<BR>[Calls]<UL><LI><a href="#[4b1]">&gt;&gt;</a>&nbsp;&nbsp;&nbsp;disk_status
</UL>
<BR>[Called By]<UL><LI><a href="#[49c]">&gt;&gt;</a>&nbsp;&nbsp;&nbsp;f_sync
<LI><a href="#[3f0]">&gt;&gt;</a>&nbsp;&nbsp;&nbsp;f_readdir
<LI><a href="#[3df]">&gt;&gt;</a>&nbsp;&nbsp;&nbsp;f_read
<LI><a href="#[3e0]">&gt;&gt;</a>&nbsp;&nbsp;&nbsp;f_lseek
<LI><a href="#[3e6]">&gt;&gt;</a>&nbsp;&nbsp;&nbsp;f_close
</UL>

<P><STRONG><a name="[344]"></a>__NVIC_SetPriority</STRONG> (Thumb, 32 bytes, Stack size 0 bytes, stm32f2xx_hal_cortex.o(i.__NVIC_SetPriority))
<BR><BR>[Called By]<UL><LI><a href="#[343]">&gt;&gt;</a>&nbsp;&nbsp;&nbsp;HAL_SYSTICK_Config
<LI><a href="#[2d4]">&gt;&gt;</a>&nbsp;&nbsp;&nbsp;HAL_NVIC_SetPriority
</UL>

<P><STRONG><a name="[32d]"></a>HCD_HC_IN_IRQHandler</STRONG> (Thumb, 562 bytes, Stack size 40 bytes, stm32f2xx_hal_hcd.o(i.HCD_HC_IN_IRQHandler))
<BR><BR>[Stack]<UL><LI>Max Depth = 48<LI>Call Chain = HCD_HC_IN_IRQHandler &rArr; USB_HC_Halt
</UL>
<BR>[Calls]<UL><LI><a href="#[321]">&gt;&gt;</a>&nbsp;&nbsp;&nbsp;USB_HC_Halt
<LI><a href="#[367]">&gt;&gt;</a>&nbsp;&nbsp;&nbsp;HAL_HCD_HC_NotifyURBChange_Callback
</UL>
<BR>[Called By]<UL><LI><a href="#[326]">&gt;&gt;</a>&nbsp;&nbsp;&nbsp;HAL_HCD_IRQHandler
</UL>

<P><STRONG><a name="[32e]"></a>HCD_HC_OUT_IRQHandler</STRONG> (Thumb, 556 bytes, Stack size 32 bytes, stm32f2xx_hal_hcd.o(i.HCD_HC_OUT_IRQHandler))
<BR><BR>[Stack]<UL><LI>Max Depth = 40<LI>Call Chain = HCD_HC_OUT_IRQHandler &rArr; USB_HC_Halt
</UL>
<BR>[Calls]<UL><LI><a href="#[321]">&gt;&gt;</a>&nbsp;&nbsp;&nbsp;USB_HC_Halt
<LI><a href="#[367]">&gt;&gt;</a>&nbsp;&nbsp;&nbsp;HAL_HCD_HC_NotifyURBChange_Callback
</UL>
<BR>[Called By]<UL><LI><a href="#[326]">&gt;&gt;</a>&nbsp;&nbsp;&nbsp;HAL_HCD_IRQHandler
</UL>

<P><STRONG><a name="[32a]"></a>HCD_Port_IRQHandler</STRONG> (Thumb, 172 bytes, Stack size 24 bytes, stm32f2xx_hal_hcd.o(i.HCD_Port_IRQHandler))
<BR><BR>[Stack]<UL><LI>Max Depth = 32<LI>Call Chain = HCD_Port_IRQHandler &rArr; HAL_HCD_Connect_Callback &rArr; USBH_LL_Connect
</UL>
<BR>[Calls]<UL><LI><a href="#[329]">&gt;&gt;</a>&nbsp;&nbsp;&nbsp;USB_InitFSLSPClkSel
<LI><a href="#[318]">&gt;&gt;</a>&nbsp;&nbsp;&nbsp;HAL_HCD_Connect_Callback
</UL>
<BR>[Called By]<UL><LI><a href="#[326]">&gt;&gt;</a>&nbsp;&nbsp;&nbsp;HAL_HCD_IRQHandler
</UL>

<P><STRONG><a name="[32f]"></a>HCD_RXQLVL_IRQHandler</STRONG> (Thumb, 108 bytes, Stack size 24 bytes, stm32f2xx_hal_hcd.o(i.HCD_RXQLVL_IRQHandler))
<BR><BR>[Stack]<UL><LI>Max Depth = 32<LI>Call Chain = HCD_RXQLVL_IRQHandler &rArr; USB_ReadPacket
</UL>
<BR>[Calls]<UL><LI><a href="#[368]">&gt;&gt;</a>&nbsp;&nbsp;&nbsp;USB_ReadPacket
</UL>
<BR>[Called By]<UL><LI><a href="#[326]">&gt;&gt;</a>&nbsp;&nbsp;&nbsp;HAL_HCD_IRQHandler
</UL>

<P><STRONG><a name="[353]"></a>SPI_CheckFlag_BSY</STRONG> (Thumb, 32 bytes, Stack size 16 bytes, stm32f2xx_hal_spi.o(i.SPI_CheckFlag_BSY))
<BR><BR>[Stack]<UL><LI>Max Depth = 40<LI>Call Chain = SPI_CheckFlag_BSY &rArr; SPI_WaitFlagStateUntilTimeout
</UL>
<BR>[Calls]<UL><LI><a href="#[352]">&gt;&gt;</a>&nbsp;&nbsp;&nbsp;SPI_WaitFlagStateUntilTimeout
</UL>
<BR>[Called By]<UL><LI><a href="#[351]">&gt;&gt;</a>&nbsp;&nbsp;&nbsp;HAL_SPI_TransmitReceive
</UL>

<P><STRONG><a name="[352]"></a>SPI_WaitFlagStateUntilTimeout</STRONG> (Thumb, 150 bytes, Stack size 24 bytes, stm32f2xx_hal_spi.o(i.SPI_WaitFlagStateUntilTimeout))
<BR><BR>[Stack]<UL><LI>Max Depth = 24<LI>Call Chain = SPI_WaitFlagStateUntilTimeout
</UL>
<BR>[Calls]<UL><LI><a href="#[315]">&gt;&gt;</a>&nbsp;&nbsp;&nbsp;HAL_GetTick
</UL>
<BR>[Called By]<UL><LI><a href="#[351]">&gt;&gt;</a>&nbsp;&nbsp;&nbsp;HAL_SPI_TransmitReceive
<LI><a href="#[353]">&gt;&gt;</a>&nbsp;&nbsp;&nbsp;SPI_CheckFlag_BSY
</UL>

<P><STRONG><a name="[79]"></a>UART_DMAAbortOnError</STRONG> (Thumb, 16 bytes, Stack size 8 bytes, stm32f2xx_hal_uart.o(i.UART_DMAAbortOnError))
<BR><BR>[Stack]<UL><LI>Max Depth = 8<LI>Call Chain = UART_DMAAbortOnError
</UL>
<BR>[Calls]<UL><LI><a href="#[35e]">&gt;&gt;</a>&nbsp;&nbsp;&nbsp;HAL_UART_ErrorCallback
</UL>
<BR>[Address Reference Count : 1]<UL><LI> stm32f2xx_hal_uart.o(i.HAL_UART_IRQHandler)
</UL>
<P><STRONG><a name="[35c]"></a>UART_EndRxTransfer</STRONG> (Thumb, 28 bytes, Stack size 0 bytes, stm32f2xx_hal_uart.o(i.UART_EndRxTransfer))
<BR><BR>[Called By]<UL><LI><a href="#[35a]">&gt;&gt;</a>&nbsp;&nbsp;&nbsp;HAL_UART_IRQHandler
</UL>

<P><STRONG><a name="[35b]"></a>UART_Receive_IT</STRONG> (Thumb, 140 bytes, Stack size 8 bytes, stm32f2xx_hal_uart.o(i.UART_Receive_IT))
<BR><BR>[Stack]<UL><LI>Max Depth = 8<LI>Call Chain = UART_Receive_IT
</UL>
<BR>[Calls]<UL><LI><a href="#[426]">&gt;&gt;</a>&nbsp;&nbsp;&nbsp;HAL_UART_RxCpltCallback
</UL>
<BR>[Called By]<UL><LI><a href="#[35a]">&gt;&gt;</a>&nbsp;&nbsp;&nbsp;HAL_UART_IRQHandler
</UL>

<P><STRONG><a name="[363]"></a>UART_SetConfig</STRONG> (Thumb, 676 bytes, Stack size 24 bytes, stm32f2xx_hal_uart.o(i.UART_SetConfig))
<BR><BR>[Stack]<UL><LI>Max Depth = 24<LI>Call Chain = UART_SetConfig
</UL>
<BR>[Calls]<UL><LI><a href="#[427]">&gt;&gt;</a>&nbsp;&nbsp;&nbsp;HAL_RCC_GetPCLK2Freq
<LI><a href="#[428]">&gt;&gt;</a>&nbsp;&nbsp;&nbsp;HAL_RCC_GetPCLK1Freq
</UL>
<BR>[Called By]<UL><LI><a href="#[361]">&gt;&gt;</a>&nbsp;&nbsp;&nbsp;HAL_UART_Init
</UL>

<P><STRONG><a name="[35f]"></a>UART_Transmit_IT</STRONG> (Thumb, 98 bytes, Stack size 0 bytes, stm32f2xx_hal_uart.o(i.UART_Transmit_IT))
<BR><BR>[Called By]<UL><LI><a href="#[35a]">&gt;&gt;</a>&nbsp;&nbsp;&nbsp;HAL_UART_IRQHandler
</UL>

<P><STRONG><a name="[366]"></a>UART_WaitOnFlagUntilTimeout</STRONG> (Thumb, 98 bytes, Stack size 24 bytes, stm32f2xx_hal_uart.o(i.UART_WaitOnFlagUntilTimeout))
<BR><BR>[Stack]<UL><LI>Max Depth = 24<LI>Call Chain = UART_WaitOnFlagUntilTimeout
</UL>
<BR>[Calls]<UL><LI><a href="#[315]">&gt;&gt;</a>&nbsp;&nbsp;&nbsp;HAL_GetTick
</UL>
<BR>[Called By]<UL><LI><a href="#[365]">&gt;&gt;</a>&nbsp;&nbsp;&nbsp;HAL_UART_Transmit
</UL>

<P><STRONG><a name="[465]"></a>USB_CoreReset</STRONG> (Thumb, 46 bytes, Stack size 0 bytes, stm32f2xx_ll_usb.o(i.USB_CoreReset))
<BR><BR>[Called By]<UL><LI><a href="#[334]">&gt;&gt;</a>&nbsp;&nbsp;&nbsp;USB_CoreInit
</UL>

<P><STRONG><a name="[7a]"></a>USBH_UserProcess</STRONG> (Thumb, 28 bytes, Stack size 0 bytes, usb_host.o(i.USBH_UserProcess))
<BR>[Address Reference Count : 1]<UL><LI> usb_host.o(i.MX_USB_HOST_Init)
</UL>
<P><STRONG><a name="[2]"></a>USBH_MSC_ClassRequest</STRONG> (Thumb, 112 bytes, Stack size 16 bytes, usbh_msc.o(i.USBH_MSC_ClassRequest))
<BR><BR>[Stack]<UL><LI>Max Depth = 220<LI>Call Chain = USBH_MSC_ClassRequest &rArr; USBH_MSC_BOT_REQ_GetMaxLUN &rArr; USBH_CtlReq &rArr; USBH_HandleControl &rArr; USBH_CtlSendSetup &rArr; USBH_LL_SubmitURB &rArr; HAL_HCD_HC_SubmitRequest &rArr; USB_HC_StartXfer &rArr; USB_WritePacket
</UL>
<BR>[Calls]<UL><LI><a href="#[453]">&gt;&gt;</a>&nbsp;&nbsp;&nbsp;USBH_MSC_BOT_REQ_GetMaxLUN
<LI><a href="#[431]">&gt;&gt;</a>&nbsp;&nbsp;&nbsp;USBH_ClrFeature
</UL>
<BR>[Address Reference Count : 1]<UL><LI> usbh_msc.o(.data)
</UL>
<P><STRONG><a name="[1]"></a>USBH_MSC_InterfaceDeInit</STRONG> (Thumb, 74 bytes, Stack size 16 bytes, usbh_msc.o(i.USBH_MSC_InterfaceDeInit))
<BR><BR>[Stack]<UL><LI>Max Depth = 48<LI>Call Chain = USBH_MSC_InterfaceDeInit &rArr; USBH_ClosePipe &rArr; USBH_LL_ClosePipe &rArr; HAL_HCD_HC_Halt &rArr; USB_HC_Halt
</UL>
<BR>[Calls]<UL><LI><a href="#[444]">&gt;&gt;</a>&nbsp;&nbsp;&nbsp;USBH_FreePipe
<LI><a href="#[42f]">&gt;&gt;</a>&nbsp;&nbsp;&nbsp;USBH_ClosePipe
<LI><a href="#[3f2]">&gt;&gt;</a>&nbsp;&nbsp;&nbsp;free
</UL>
<BR>[Address Reference Count : 1]<UL><LI> usbh_msc.o(.data)
</UL>
<P><STRONG><a name="[0]"></a>USBH_MSC_InterfaceInit</STRONG> (Thumb, 332 bytes, Stack size 32 bytes, usbh_msc.o(i.USBH_MSC_InterfaceInit))
<BR><BR>[Stack]<UL><LI>Max Depth = 148<LI>Call Chain = USBH_MSC_InterfaceInit &rArr; USBH_OpenPipe &rArr; USBH_LL_OpenPipe &rArr; HAL_HCD_HC_Init &rArr; USB_HC_Init
</UL>
<BR>[Calls]<UL><LI><a href="#[451]">&gt;&gt;</a>&nbsp;&nbsp;&nbsp;USBH_LL_SetToggle
<LI><a href="#[456]">&gt;&gt;</a>&nbsp;&nbsp;&nbsp;USBH_SelectInterface
<LI><a href="#[441]">&gt;&gt;</a>&nbsp;&nbsp;&nbsp;USBH_OpenPipe
<LI><a href="#[458]">&gt;&gt;</a>&nbsp;&nbsp;&nbsp;USBH_MSC_BOT_Init
<LI><a href="#[455]">&gt;&gt;</a>&nbsp;&nbsp;&nbsp;USBH_FindInterface
<LI><a href="#[457]">&gt;&gt;</a>&nbsp;&nbsp;&nbsp;USBH_AllocPipe
<LI><a href="#[3ec]">&gt;&gt;</a>&nbsp;&nbsp;&nbsp;malloc
<LI><a href="#[364]">&gt;&gt;</a>&nbsp;&nbsp;&nbsp;__aeabi_memclr4
</UL>
<BR>[Address Reference Count : 1]<UL><LI> usbh_msc.o(.data)
</UL>
<P><STRONG><a name="[3]"></a>USBH_MSC_Process</STRONG> (Thumb, 656 bytes, Stack size 32 bytes, usbh_msc.o(i.USBH_MSC_Process))
<BR><BR>[Stack]<UL><LI>Max Depth = 292<LI>Call Chain = USBH_MSC_Process &rArr; USBH_MSC_SCSI_TestUnitReady &rArr; USBH_MSC_BOT_Process &rArr; USBH_MSC_BOT_REQ_Reset &rArr; USBH_CtlReq &rArr; USBH_HandleControl &rArr; USBH_CtlSendSetup &rArr; USBH_LL_SubmitURB &rArr; HAL_HCD_HC_SubmitRequest &rArr; USB_HC_StartXfer &rArr; USB_WritePacket
</UL>
<BR>[Calls]<UL><LI><a href="#[45a]">&gt;&gt;</a>&nbsp;&nbsp;&nbsp;USBH_MSC_SCSI_TestUnitReady
<LI><a href="#[45c]">&gt;&gt;</a>&nbsp;&nbsp;&nbsp;USBH_MSC_SCSI_RequestSense
<LI><a href="#[45b]">&gt;&gt;</a>&nbsp;&nbsp;&nbsp;USBH_MSC_SCSI_ReadCapacity
<LI><a href="#[459]">&gt;&gt;</a>&nbsp;&nbsp;&nbsp;USBH_MSC_SCSI_Inquiry
</UL>
<BR>[Address Reference Count : 1]<UL><LI> usbh_msc.o(.data)
</UL>
<P><STRONG><a name="[45d]"></a>USBH_MSC_RdWrProcess</STRONG> (Thumb, 140 bytes, Stack size 32 bytes, usbh_msc.o(i.USBH_MSC_RdWrProcess))
<BR><BR>[Stack]<UL><LI>Max Depth = 300<LI>Call Chain = USBH_MSC_RdWrProcess &rArr; USBH_MSC_SCSI_Write &rArr; USBH_MSC_BOT_Process &rArr; USBH_MSC_BOT_REQ_Reset &rArr; USBH_CtlReq &rArr; USBH_HandleControl &rArr; USBH_CtlSendSetup &rArr; USBH_LL_SubmitURB &rArr; HAL_HCD_HC_SubmitRequest &rArr; USB_HC_StartXfer &rArr; USB_WritePacket
</UL>
<BR>[Calls]<UL><LI><a href="#[45f]">&gt;&gt;</a>&nbsp;&nbsp;&nbsp;USBH_MSC_SCSI_Write
<LI><a href="#[45c]">&gt;&gt;</a>&nbsp;&nbsp;&nbsp;USBH_MSC_SCSI_RequestSense
<LI><a href="#[45e]">&gt;&gt;</a>&nbsp;&nbsp;&nbsp;USBH_MSC_SCSI_Read
</UL>
<BR>[Called By]<UL><LI><a href="#[461]">&gt;&gt;</a>&nbsp;&nbsp;&nbsp;USBH_MSC_Write
<LI><a href="#[460]">&gt;&gt;</a>&nbsp;&nbsp;&nbsp;USBH_MSC_Read
</UL>

<P><STRONG><a name="[4]"></a>USBH_MSC_SOFProcess</STRONG> (Thumb, 4 bytes, Stack size 0 bytes, usbh_msc.o(i.USBH_MSC_SOFProcess))
<BR>[Address Reference Count : 1]<UL><LI> usbh_msc.o(.data)
</UL>
<P><STRONG><a name="[442]"></a>DeInitStateMachine</STRONG> (Thumb, 70 bytes, Stack size 8 bytes, usbh_core.o(i.DeInitStateMachine))
<BR><BR>[Stack]<UL><LI>Max Depth = 8<LI>Call Chain = DeInitStateMachine
</UL>
<BR>[Called By]<UL><LI><a href="#[38c]">&gt;&gt;</a>&nbsp;&nbsp;&nbsp;USBH_Process
<LI><a href="#[388]">&gt;&gt;</a>&nbsp;&nbsp;&nbsp;USBH_Init
</UL>

<P><STRONG><a name="[43f]"></a>USBH_HandleEnum</STRONG> (Thumb, 242 bytes, Stack size 32 bytes, usbh_core.o(i.USBH_HandleEnum))
<BR><BR>[Stack]<UL><LI>Max Depth = 268<LI>Call Chain = USBH_HandleEnum &rArr; USBH_Get_StringDesc &rArr; USBH_GetDescriptor &rArr; USBH_CtlReq &rArr; USBH_HandleControl &rArr; USBH_CtlSendSetup &rArr; USBH_LL_SubmitURB &rArr; HAL_HCD_HC_SubmitRequest &rArr; USB_HC_StartXfer &rArr; USB_WritePacket
</UL>
<BR>[Calls]<UL><LI><a href="#[437]">&gt;&gt;</a>&nbsp;&nbsp;&nbsp;USBH_Delay
<LI><a href="#[440]">&gt;&gt;</a>&nbsp;&nbsp;&nbsp;USBH_SetAddress
<LI><a href="#[43c]">&gt;&gt;</a>&nbsp;&nbsp;&nbsp;USBH_Get_StringDesc
<LI><a href="#[43b]">&gt;&gt;</a>&nbsp;&nbsp;&nbsp;USBH_Get_DevDesc
<LI><a href="#[439]">&gt;&gt;</a>&nbsp;&nbsp;&nbsp;USBH_Get_CfgDesc
<LI><a href="#[441]">&gt;&gt;</a>&nbsp;&nbsp;&nbsp;USBH_OpenPipe
</UL>
<BR>[Called By]<UL><LI><a href="#[38c]">&gt;&gt;</a>&nbsp;&nbsp;&nbsp;USBH_Process
</UL>

<P><STRONG><a name="[44e]"></a>USBH_MSC_BOT_Abort</STRONG> (Thumb, 30 bytes, Stack size 0 bytes, usbh_msc_bot.o(i.USBH_MSC_BOT_Abort))
<BR><BR>[Stack]<UL><LI>Max Depth = 204<LI>Call Chain = USBH_MSC_BOT_Abort &rArr; USBH_ClrFeature &rArr; USBH_CtlReq &rArr; USBH_HandleControl &rArr; USBH_CtlSendSetup &rArr; USBH_LL_SubmitURB &rArr; HAL_HCD_HC_SubmitRequest &rArr; USB_HC_StartXfer &rArr; USB_WritePacket
</UL>
<BR>[Calls]<UL><LI><a href="#[431]">&gt;&gt;</a>&nbsp;&nbsp;&nbsp;USBH_ClrFeature
</UL>
<BR>[Called By]<UL><LI><a href="#[44f]">&gt;&gt;</a>&nbsp;&nbsp;&nbsp;USBH_MSC_BOT_Process
</UL>

<P><STRONG><a name="[434]"></a>USBH_HandleControl</STRONG> (Thumb, 382 bytes, Stack size 40 bytes, usbh_ctlreq.o(i.USBH_HandleControl))
<BR><BR>[Stack]<UL><LI>Max Depth = 188<LI>Call Chain = USBH_HandleControl &rArr; USBH_CtlSendSetup &rArr; USBH_LL_SubmitURB &rArr; HAL_HCD_HC_SubmitRequest &rArr; USB_HC_StartXfer &rArr; USB_WritePacket
</UL>
<BR>[Calls]<UL><LI><a href="#[436]">&gt;&gt;</a>&nbsp;&nbsp;&nbsp;USBH_CtlSendSetup
<LI><a href="#[435]">&gt;&gt;</a>&nbsp;&nbsp;&nbsp;USBH_CtlSendData
<LI><a href="#[433]">&gt;&gt;</a>&nbsp;&nbsp;&nbsp;USBH_CtlReceiveData
<LI><a href="#[43e]">&gt;&gt;</a>&nbsp;&nbsp;&nbsp;USBH_LL_Stop
<LI><a href="#[43d]">&gt;&gt;</a>&nbsp;&nbsp;&nbsp;USBH_LL_GetURBState
</UL>
<BR>[Called By]<UL><LI><a href="#[432]">&gt;&gt;</a>&nbsp;&nbsp;&nbsp;USBH_CtlReq
</UL>

<P><STRONG><a name="[43a]"></a>USBH_ParseCfgDesc</STRONG> (Thumb, 232 bytes, Stack size 28 bytes, usbh_ctlreq.o(i.USBH_ParseCfgDesc))
<BR><BR>[Stack]<UL><LI>Max Depth = 28<LI>Call Chain = USBH_ParseCfgDesc
</UL>
<BR>[Calls]<UL><LI><a href="#[462]">&gt;&gt;</a>&nbsp;&nbsp;&nbsp;USBH_GetNextDesc
</UL>
<BR>[Called By]<UL><LI><a href="#[439]">&gt;&gt;</a>&nbsp;&nbsp;&nbsp;USBH_Get_CfgDesc
</UL>

<P><STRONG><a name="[39f]"></a>OS_InitTCBList</STRONG> (Thumb, 96 bytes, Stack size 4 bytes, os_core.o(i.OS_InitTCBList))
<BR><BR>[Stack]<UL><LI>Max Depth = 4<LI>Call Chain = OS_InitTCBList
</UL>
<BR>[Calls]<UL><LI><a href="#[3a0]">&gt;&gt;</a>&nbsp;&nbsp;&nbsp;OS_MemClr
</UL>
<BR>[Called By]<UL><LI><a href="#[39d]">&gt;&gt;</a>&nbsp;&nbsp;&nbsp;OSInit
</UL>

<P><STRONG><a name="[3a8]"></a>OS_SchedNew</STRONG> (Thumb, 24 bytes, Stack size 0 bytes, os_core.o(i.OS_SchedNew))
<BR><BR>[Called By]<UL><LI><a href="#[3a7]">&gt;&gt;</a>&nbsp;&nbsp;&nbsp;OSIntExit
<LI><a href="#[3b7]">&gt;&gt;</a>&nbsp;&nbsp;&nbsp;OSStart
<LI><a href="#[39a]">&gt;&gt;</a>&nbsp;&nbsp;&nbsp;OS_Sched
</UL>

<P><STRONG><a name="[399]"></a>OS_FlagBlock</STRONG> (Thumb, 86 bytes, Stack size 20 bytes, os_flag.o(i.OS_FlagBlock))
<BR><BR>[Stack]<UL><LI>Max Depth = 20<LI>Call Chain = OS_FlagBlock
</UL>
<BR>[Called By]<UL><LI><a href="#[2ce]">&gt;&gt;</a>&nbsp;&nbsp;&nbsp;OSFlagPend
</UL>

<P><STRONG><a name="[39c]"></a>OS_FlagTaskRdy</STRONG> (Thumb, 72 bytes, Stack size 8 bytes, os_flag.o(i.OS_FlagTaskRdy))
<BR><BR>[Stack]<UL><LI>Max Depth = 8<LI>Call Chain = OS_FlagTaskRdy
</UL>
<BR>[Calls]<UL><LI><a href="#[39b]">&gt;&gt;</a>&nbsp;&nbsp;&nbsp;OS_FlagUnlink
</UL>
<BR>[Called By]<UL><LI><a href="#[29b]">&gt;&gt;</a>&nbsp;&nbsp;&nbsp;OSFlagPost
</UL>

<P><STRONG><a name="[3ce]"></a>OSTmr_Link</STRONG> (Thumb, 66 bytes, Stack size 0 bytes, os_tmr.o(i.OSTmr_Link))
<BR><BR>[Called By]<UL><LI><a href="#[3cc]">&gt;&gt;</a>&nbsp;&nbsp;&nbsp;OSTmrStart
<LI><a href="#[7d]">&gt;&gt;</a>&nbsp;&nbsp;&nbsp;OSTmr_Task
</UL>

<P><STRONG><a name="[7d]"></a>OSTmr_Task</STRONG> (Thumb, 106 bytes, Stack size 8 bytes, os_tmr.o(i.OSTmr_Task))
<BR><BR>[Stack]<UL><LI>Max Depth = 56 + Unknown Stack Size
<LI>Call Chain = OSTmr_Task &rArr; OSSemPend &rArr; OS_Sched
</UL>
<BR>[Calls]<UL><LI><a href="#[3cd]">&gt;&gt;</a>&nbsp;&nbsp;&nbsp;OSTmr_Unlink
<LI><a href="#[3ce]">&gt;&gt;</a>&nbsp;&nbsp;&nbsp;OSTmr_Link
<LI><a href="#[3b3]">&gt;&gt;</a>&nbsp;&nbsp;&nbsp;OSSemPend
<LI><a href="#[3b1]">&gt;&gt;</a>&nbsp;&nbsp;&nbsp;OSSchedUnlock
<LI><a href="#[3b0]">&gt;&gt;</a>&nbsp;&nbsp;&nbsp;OSSchedLock
</UL>
<BR>[Address Reference Count : 1]<UL><LI> os_tmr.o(i.OSTmr_Init)
</UL>
<P><STRONG><a name="[3cd]"></a>OSTmr_Unlink</STRONG> (Thumb, 58 bytes, Stack size 8 bytes, os_tmr.o(i.OSTmr_Unlink))
<BR><BR>[Stack]<UL><LI>Max Depth = 8<LI>Call Chain = OSTmr_Unlink
</UL>
<BR>[Called By]<UL><LI><a href="#[3cf]">&gt;&gt;</a>&nbsp;&nbsp;&nbsp;OSTmrStop
<LI><a href="#[3cc]">&gt;&gt;</a>&nbsp;&nbsp;&nbsp;OSTmrStart
<LI><a href="#[7d]">&gt;&gt;</a>&nbsp;&nbsp;&nbsp;OSTmr_Task
</UL>

<P><STRONG><a name="[475]"></a>sendPdo</STRONG> (Thumb, 40 bytes, Stack size 8 bytes, pdo.o(i.sendPdo))
<BR><BR>[Stack]<UL><LI>Max Depth = 64<LI>Call Chain = sendPdo &rArr; canSend &rArr; HAL_CAN_Transmit
</UL>
<BR>[Calls]<UL><LI><a href="#[3e9]">&gt;&gt;</a>&nbsp;&nbsp;&nbsp;canSend
</UL>
<BR>[Called By]<UL><LI><a href="#[3d6]">&gt;&gt;</a>&nbsp;&nbsp;&nbsp;sendOnePDOevent
<LI><a href="#[3d9]">&gt;&gt;</a>&nbsp;&nbsp;&nbsp;_sendPDOevent
</UL>

<P><STRONG><a name="[414]"></a>TIM4_Configuration</STRONG> (Thumb, 86 bytes, Stack size 8 bytes, timer_stm32_hal.o(i.TIM4_Configuration))
<BR><BR>[Stack]<UL><LI>Max Depth = 36<LI>Call Chain = TIM4_Configuration &rArr; HAL_TIM_Base_Init &rArr; TIM_Base_SetConfig
</UL>
<BR>[Calls]<UL><LI><a href="#[2d2]">&gt;&gt;</a>&nbsp;&nbsp;&nbsp;HAL_TIM_Base_Init
<LI><a href="#[356]">&gt;&gt;</a>&nbsp;&nbsp;&nbsp;HAL_TIM_Base_DeInit
</UL>
<BR>[Called By]<UL><LI><a href="#[416]">&gt;&gt;</a>&nbsp;&nbsp;&nbsp;TIM4_start
</UL>

<P><STRONG><a name="[46e]"></a>_printf_core</STRONG> (Thumb, 748 bytes, Stack size 96 bytes, printf6.o(i._printf_core), UNUSED)
<BR><BR>[Calls]<UL><LI><a href="#[471]">&gt;&gt;</a>&nbsp;&nbsp;&nbsp;_printf_pre_padding
<LI><a href="#[473]">&gt;&gt;</a>&nbsp;&nbsp;&nbsp;_printf_post_padding
<LI><a href="#[472]">&gt;&gt;</a>&nbsp;&nbsp;&nbsp;__aeabi_uidivmod
</UL>
<BR>[Called By]<UL><LI><a href="#[46d]">&gt;&gt;</a>&nbsp;&nbsp;&nbsp;__0snprintf$6
</UL>

<P><STRONG><a name="[473]"></a>_printf_post_padding</STRONG> (Thumb, 36 bytes, Stack size 24 bytes, printf6.o(i._printf_post_padding), UNUSED)
<BR><BR>[Called By]<UL><LI><a href="#[46e]">&gt;&gt;</a>&nbsp;&nbsp;&nbsp;_printf_core
</UL>

<P><STRONG><a name="[471]"></a>_printf_pre_padding</STRONG> (Thumb, 46 bytes, Stack size 24 bytes, printf6.o(i._printf_pre_padding), UNUSED)
<BR><BR>[Called By]<UL><LI><a href="#[46e]">&gt;&gt;</a>&nbsp;&nbsp;&nbsp;_printf_core
</UL>

<P><STRONG><a name="[89]"></a>_snputc</STRONG> (Thumb, 22 bytes, Stack size 0 bytes, printf6.o(i._snputc))
<BR>[Address Reference Count : 1]<UL><LI> printf6.o(i.__0snprintf$6)
</UL>
<P><STRONG><a name="[46f]"></a>internal_alloc</STRONG> (Thumb, 76 bytes, Stack size 24 bytes, mallocr.o(i.internal_alloc))
<BR><BR>[Stack]<UL><LI>Max Depth = 24<LI>Call Chain = internal_alloc
</UL>
<BR>[Calls]<UL><LI><a href="#[423]">&gt;&gt;</a>&nbsp;&nbsp;&nbsp;__aeabi_memcpy
</UL>
<BR>[Called By]<UL><LI><a href="#[3ee]">&gt;&gt;</a>&nbsp;&nbsp;&nbsp;realloc
<LI><a href="#[3ec]">&gt;&gt;</a>&nbsp;&nbsp;&nbsp;malloc
</UL>
<P>
<H3>
Undefined Global Symbols
</H3><HR></body></html>
